Archive member included to satisfy reference by file (symbol)

c:/program files (x86)/atollic/truestudio for stm32 9.3.0/armtools/bin/../lib/gcc/arm-atollic-eabi/6.3.1/../../../../arm-atollic-eabi/lib/armv7e-m/fpu\libc_nano.a(lib_a-errno.o)
                              Core\Src\syscalls.o (__errno)
c:/program files (x86)/atollic/truestudio for stm32 9.3.0/armtools/bin/../lib/gcc/arm-atollic-eabi/6.3.1/../../../../arm-atollic-eabi/lib/armv7e-m/fpu\libc_nano.a(lib_a-impure.o)
                              c:/program files (x86)/atollic/truestudio for stm32 9.3.0/armtools/bin/../lib/gcc/arm-atollic-eabi/6.3.1/../../../../arm-atollic-eabi/lib/armv7e-m/fpu\libc_nano.a(lib_a-errno.o) (_impure_ptr)
c:/program files (x86)/atollic/truestudio for stm32 9.3.0/armtools/bin/../lib/gcc/arm-atollic-eabi/6.3.1/../../../../arm-atollic-eabi/lib/armv7e-m/fpu\libc_nano.a(lib_a-init.o)
                              startup\startup_stm32f407xx.o (__libc_init_array)
c:/program files (x86)/atollic/truestudio for stm32 9.3.0/armtools/bin/../lib/gcc/arm-atollic-eabi/6.3.1/../../../../arm-atollic-eabi/lib/armv7e-m/fpu\libc_nano.a(lib_a-malloc.o)
                              Middlewares\ST\STM32_USB_Host_Library\Class\CDC\Src\usbh_cdc.o (malloc)
c:/program files (x86)/atollic/truestudio for stm32 9.3.0/armtools/bin/../lib/gcc/arm-atollic-eabi/6.3.1/../../../../arm-atollic-eabi/lib/armv7e-m/fpu\libc_nano.a(lib_a-memset.o)
                              Core\Src\main.o (memset)
c:/program files (x86)/atollic/truestudio for stm32 9.3.0/armtools/bin/../lib/gcc/arm-atollic-eabi/6.3.1/../../../../arm-atollic-eabi/lib/armv7e-m/fpu\libc_nano.a(lib_a-nano-freer.o)
                              c:/program files (x86)/atollic/truestudio for stm32 9.3.0/armtools/bin/../lib/gcc/arm-atollic-eabi/6.3.1/../../../../arm-atollic-eabi/lib/armv7e-m/fpu\libc_nano.a(lib_a-malloc.o) (_free_r)
c:/program files (x86)/atollic/truestudio for stm32 9.3.0/armtools/bin/../lib/gcc/arm-atollic-eabi/6.3.1/../../../../arm-atollic-eabi/lib/armv7e-m/fpu\libc_nano.a(lib_a-nano-mallocr.o)
                              c:/program files (x86)/atollic/truestudio for stm32 9.3.0/armtools/bin/../lib/gcc/arm-atollic-eabi/6.3.1/../../../../arm-atollic-eabi/lib/armv7e-m/fpu\libc_nano.a(lib_a-malloc.o) (_malloc_r)
c:/program files (x86)/atollic/truestudio for stm32 9.3.0/armtools/bin/../lib/gcc/arm-atollic-eabi/6.3.1/../../../../arm-atollic-eabi/lib/armv7e-m/fpu\libc_nano.a(lib_a-sbrkr.o)
                              c:/program files (x86)/atollic/truestudio for stm32 9.3.0/armtools/bin/../lib/gcc/arm-atollic-eabi/6.3.1/../../../../arm-atollic-eabi/lib/armv7e-m/fpu\libc_nano.a(lib_a-nano-mallocr.o) (_sbrk_r)
c:/program files (x86)/atollic/truestudio for stm32 9.3.0/armtools/bin/../lib/gcc/arm-atollic-eabi/6.3.1/../../../../arm-atollic-eabi/lib/armv7e-m/fpu\libc_nano.a(lib_a-mlock.o)
                              c:/program files (x86)/atollic/truestudio for stm32 9.3.0/armtools/bin/../lib/gcc/arm-atollic-eabi/6.3.1/../../../../arm-atollic-eabi/lib/armv7e-m/fpu\libc_nano.a(lib_a-nano-freer.o) (__malloc_lock)
c:/program files (x86)/atollic/truestudio for stm32 9.3.0/armtools/bin/../lib/gcc/arm-atollic-eabi/6.3.1/../../../../arm-atollic-eabi/lib/armv7e-m/fpu\libc_nano.a(lib_a-reent.o)
                              c:/program files (x86)/atollic/truestudio for stm32 9.3.0/armtools/bin/../lib/gcc/arm-atollic-eabi/6.3.1/../../../../arm-atollic-eabi/lib/armv7e-m/fpu\libc_nano.a(lib_a-sbrkr.o) (errno)
c:/program files (x86)/atollic/truestudio for stm32 9.3.0/armtools/bin/../lib/gcc/arm-atollic-eabi/6.3.1/armv7e-m/fpu\libgcc.a(_aeabi_uldivmod.o)
                              Drivers\STM32F4xx_HAL_Driver\Src\stm32f4xx_hal_rcc.o (__aeabi_uldivmod)
c:/program files (x86)/atollic/truestudio for stm32 9.3.0/armtools/bin/../lib/gcc/arm-atollic-eabi/6.3.1/armv7e-m/fpu\libgcc.a(_udivmoddi4.o)
                              c:/program files (x86)/atollic/truestudio for stm32 9.3.0/armtools/bin/../lib/gcc/arm-atollic-eabi/6.3.1/armv7e-m/fpu\libgcc.a(_aeabi_uldivmod.o) (__udivmoddi4)
c:/program files (x86)/atollic/truestudio for stm32 9.3.0/armtools/bin/../lib/gcc/arm-atollic-eabi/6.3.1/armv7e-m/fpu\libgcc.a(_dvmd_tls.o)
                              c:/program files (x86)/atollic/truestudio for stm32 9.3.0/armtools/bin/../lib/gcc/arm-atollic-eabi/6.3.1/armv7e-m/fpu\libgcc.a(_aeabi_uldivmod.o) (__aeabi_ldiv0)

Allocating common symbols
Common symbol       size              file

errno               0x4               c:/program files (x86)/atollic/truestudio for stm32 9.3.0/armtools/bin/../lib/gcc/arm-atollic-eabi/6.3.1/../../../../arm-atollic-eabi/lib/armv7e-m/fpu\libc_nano.a(lib_a-reent.o)
hi2c1               0x54              Core\Src\i2c.o
hUsbHostFS          0x3d8             USB_HOST\App\usb_host.o
uwTick              0x4               Drivers\STM32F4xx_HAL_Driver\Src\stm32f4xx_hal.o
pFlash              0x20              Drivers\STM32F4xx_HAL_Driver\Src\stm32f4xx_hal_flash.o
[...]
Memory Configuration

Name             Origin             Length             Attributes
RAM              0x20000000         0x00020000         xrw
CCMRAM           0x10000000         0x00010000         xrw
FLASH            0x08000000         0x00100000         xr
*default*        0x00000000         0xffffffff

Linker script and memory map

LOAD c:/program files (x86)/atollic/truestudio for stm32 9.3.0/armtools/bin/../lib/gcc/arm-atollic-eabi/6.3.1/armv7e-m/fpu/crti.o
LOAD c:/program files (x86)/atollic/truestudio for stm32 9.3.0/armtools/bin/../lib/gcc/arm-atollic-eabi/6.3.1/armv7e-m/fpu/crtbegin.o
LOAD Core\Src\gpio.o
LOAD Core\Src\i2c.o
LOAD Core\Src\i2s.o
LOAD Core\Src\main.o
LOAD Core\Src\spi.o
LOAD Core\Src\stm32f4xx_hal_msp.o
LOAD Core\Src\stm32f4xx_it.o
LOAD Core\Src\syscalls.o
LOAD Core\Src\system_stm32f4xx.o
LOAD Drivers\STM32F4xx_HAL_Driver\Src\stm32f4xx_hal.o
LOAD Drivers\STM32F4xx_HAL_Driver\Src\stm32f4xx_hal_cortex.o
LOAD Drivers\STM32F4xx_HAL_Driver\Src\stm32f4xx_hal_dma.o
LOAD Drivers\STM32F4xx_HAL_Driver\Src\stm32f4xx_hal_dma_ex.o
LOAD Drivers\STM32F4xx_HAL_Driver\Src\stm32f4xx_hal_exti.o
LOAD Drivers\STM32F4xx_HAL_Driver\Src\stm32f4xx_hal_flash.o
LOAD Drivers\STM32F4xx_HAL_Driver\Src\stm32f4xx_hal_flash_ex.o
LOAD Drivers\STM32F4xx_HAL_Driver\Src\stm32f4xx_hal_flash_ramfunc.o
LOAD Drivers\STM32F4xx_HAL_Driver\Src\stm32f4xx_hal_gpio.o
LOAD Drivers\STM32F4xx_HAL_Driver\Src\stm32f4xx_hal_hcd.o
LOAD Drivers\STM32F4xx_HAL_Driver\Src\stm32f4xx_hal_i2c.o
LOAD Drivers\STM32F4xx_HAL_Driver\Src\stm32f4xx_hal_i2c_ex.o
LOAD Drivers\STM32F4xx_HAL_Driver\Src\stm32f4xx_hal_i2s.o
LOAD Drivers\STM32F4xx_HAL_Driver\Src\stm32f4xx_hal_i2s_ex.o
LOAD Drivers\STM32F4xx_HAL_Driver\Src\stm32f4xx_hal_pwr.o
LOAD Drivers\STM32F4xx_HAL_Driver\Src\stm32f4xx_hal_pwr_ex.o
LOAD Drivers\STM32F4xx_HAL_Driver\Src\stm32f4xx_hal_rcc.o
LOAD Drivers\STM32F4xx_HAL_Driver\Src\stm32f4xx_hal_rcc_ex.o
LOAD Drivers\STM32F4xx_HAL_Driver\Src\stm32f4xx_hal_spi.o
LOAD Drivers\STM32F4xx_HAL_Driver\Src\stm32f4xx_hal_tim.o
LOAD Drivers\STM32F4xx_HAL_Driver\Src\stm32f4xx_hal_tim_ex.o
LOAD Drivers\STM32F4xx_HAL_Driver\Src\stm32f4xx_ll_usb.o
LOAD Middlewares\ST\STM32_USB_Host_Library\Class\CDC\Src\usbh_cdc.o
LOAD Middlewares\ST\STM32_USB_Host_Library\Core\Src\usbh_core.o
LOAD Middlewares\ST\STM32_USB_Host_Library\Core\Src\usbh_ctlreq.o
LOAD Middlewares\ST\STM32_USB_Host_Library\Core\Src\usbh_ioreq.o
LOAD Middlewares\ST\STM32_USB_Host_Library\Core\Src\usbh_pipes.o
LOAD USB_HOST\App\usb_host.o
LOAD USB_HOST\Target\usbh_conf.o
LOAD USB_HOST\Target\usbh_platform.o
LOAD startup\startup_stm32f407xx.o
                0x00000080                malloc_getpagesize_P = 0x80
START GROUP
LOAD c:/program files (x86)/atollic/truestudio for stm32 9.3.0/armtools/bin/../lib/gcc/arm-atollic-eabi/6.3.1/../../../../arm-atollic-eabi/lib/armv7e-m/fpu\libc_nano.a
LOAD c:/program files (x86)/atollic/truestudio for stm32 9.3.0/armtools/bin/../lib/gcc/arm-atollic-eabi/6.3.1/../../../../arm-atollic-eabi/lib/armv7e-m/fpu\libm.a
END GROUP
START GROUP
LOAD c:/program files (x86)/atollic/truestudio for stm32 9.3.0/armtools/bin/../lib/gcc/arm-atollic-eabi/6.3.1/armv7e-m/fpu\libgcc.a
LOAD c:/program files (x86)/atollic/truestudio for stm32 9.3.0/armtools/bin/../lib/gcc/arm-atollic-eabi/6.3.1/../../../../arm-atollic-eabi/lib/armv7e-m/fpu\libc_nano.a
END GROUP
START GROUP
LOAD c:/program files (x86)/atollic/truestudio for stm32 9.3.0/armtools/bin/../lib/gcc/arm-atollic-eabi/6.3.1/armv7e-m/fpu\libgcc.a
LOAD c:/program files (x86)/atollic/truestudio for stm32 9.3.0/armtools/bin/../lib/gcc/arm-atollic-eabi/6.3.1/../../../../arm-atollic-eabi/lib/armv7e-m/fpu\libc_nano.a
LOAD c:/program files (x86)/atollic/truestudio for stm32 9.3.0/armtools/bin/../lib/gcc/arm-atollic-eabi/6.3.1/../../../../arm-atollic-eabi/lib/armv7e-m/fpu\libnosys.a
END GROUP
START GROUP
LOAD c:/program files (x86)/atollic/truestudio for stm32 9.3.0/armtools/bin/../lib/gcc/arm-atollic-eabi/6.3.1/armv7e-m/fpu\libgcc.a
LOAD c:/program files (x86)/atollic/truestudio for stm32 9.3.0/armtools/bin/../lib/gcc/arm-atollic-eabi/6.3.1/../../../../arm-atollic-eabi/lib/armv7e-m/fpu\libc_nano.a
LOAD c:/program files (x86)/atollic/truestudio for stm32 9.3.0/armtools/bin/../lib/gcc/arm-atollic-eabi/6.3.1/../../../../arm-atollic-eabi/lib/armv7e-m/fpu\libnosys.a
END GROUP
LOAD c:/program files (x86)/atollic/truestudio for stm32 9.3.0/armtools/bin/../lib/gcc/arm-atollic-eabi/6.3.1/armv7e-m/fpu/crtend.o
LOAD c:/program files (x86)/atollic/truestudio for stm32 9.3.0/armtools/bin/../lib/gcc/arm-atollic-eabi/6.3.1/armv7e-m/fpu/crtn.o
                0x20020000                _estack = 0x20020000
                0x00000200                _Min_Heap_Size = 0x200
                0x00000400                _Min_Stack_Size = 0x400

.isr_vector     0x08000000      0x188
                0x08000000                . = ALIGN (0x4)
 *(.isr_vector)
 .isr_vector    0x08000000      0x188 startup\startup_stm32f407xx.o
                0x08000000                g_pfnVectors
                0x08000188                . = ALIGN (0x4)

.text           0x08000188     0x7920
                0x08000188                . = ALIGN (0x4)
 *(.text)
 .text          0x08000188       0x40 c:/program files (x86)/atollic/truestudio for stm32 9.3.0/armtools/bin/../lib/gcc/arm-atollic-eabi/6.3.1/armv7e-m/fpu/crtbegin.o
 .text          0x080001c8       0x30 c:/program files (x86)/atollic/truestudio for stm32 9.3.0/armtools/bin/../lib/gcc/arm-atollic-eabi/6.3.1/armv7e-m/fpu\libgcc.a(_aeabi_uldivmod.o)
                0x080001c8                __aeabi_uldivmod
 .text          0x080001f8      0x2dc c:/program files (x86)/atollic/truestudio for stm32 9.3.0/armtools/bin/../lib/gcc/arm-atollic-eabi/6.3.1/armv7e-m/fpu\libgcc.a(_udivmoddi4.o)
                0x080001f8                __udivmoddi4
 .text          0x080004d4        0x4 c:/program files (x86)/atollic/truestudio for stm32 9.3.0/armtools/bin/../lib/gcc/arm-atollic-eabi/6.3.1/armv7e-m/fpu\libgcc.a(_dvmd_tls.o)
                0x080004d4                __aeabi_idiv0
                0x080004d4                __aeabi_ldiv0
 *(.text*)
 .text.MX_GPIO_Init
                0x080004d8      0x1fc Core\Src\gpio.o
                0x080004d8                MX_GPIO_Init
 .text.MX_I2C1_Init
                0x080006d4       0x5c Core\Src\i2c.o
                0x080006d4                MX_I2C1_Init
 .text.HAL_I2C_MspInit
                0x08000730       0x90 Core\Src\i2c.o
                0x08000730                HAL_I2C_MspInit
 .text.MX_I2S3_Init
                0x080007c0       0x60 Core\Src\i2s.o
                0x080007c0                MX_I2S3_Init
 .text.HAL_I2S_MspInit
                0x08000820       0xd0 Core\Src\i2s.o
                0x08000820                HAL_I2S_MspInit
 .text.main     0x080008f0       0xdc Core\Src\main.o
                0x080008f0                main
 .text.SystemClock_Config
                0x080009cc      0x104 Core\Src\main.o
                0x080009cc                SystemClock_Config
 .text.Error_Handler
                0x08000ad0        0xe Core\Src\main.o
                0x08000ad0                Error_Handler
 *fill*         0x08000ade        0x2 
 .text.MX_SPI1_Init
                0x08000ae0       0x6c Core\Src\spi.o
                0x08000ae0                MX_SPI1_Init
 .text.HAL_SPI_MspInit
                0x08000b4c       0x90 Core\Src\spi.o
                0x08000b4c                HAL_SPI_MspInit
 .text.HAL_MspInit
                0x08000bdc       0x50 Core\Src\stm32f4xx_hal_msp.o
                0x08000bdc                HAL_MspInit
 .text.NMI_Handler
                0x08000c2c        0xe Core\Src\stm32f4xx_it.o
                0x08000c2c                NMI_Handler
 .text.HardFault_Handler
                0x08000c3a        0x6 Core\Src\stm32f4xx_it.o
                0x08000c3a                HardFault_Handler
 .text.MemManage_Handler
                0x08000c40        0x6 Core\Src\stm32f4xx_it.o
                0x08000c40                MemManage_Handler
 .text.BusFault_Handler
                0x08000c46        0x6 Core\Src\stm32f4xx_it.o
                0x08000c46                BusFault_Handler
 .text.UsageFault_Handler
                0x08000c4c        0x6 Core\Src\stm32f4xx_it.o
                0x08000c4c                UsageFault_Handler
 .text.SVC_Handler
                0x08000c52        0xe Core\Src\stm32f4xx_it.o
                0x08000c52                SVC_Handler
 .text.DebugMon_Handler
                0x08000c60        0xe Core\Src\stm32f4xx_it.o
                0x08000c60                DebugMon_Handler
 .text.PendSV_Handler
                0x08000c6e        0xe Core\Src\stm32f4xx_it.o
                0x08000c6e                PendSV_Handler
 .text.SysTick_Handler
                0x08000c7c        0xc Core\Src\stm32f4xx_it.o
                0x08000c7c                SysTick_Handler
 .text.OTG_FS_IRQHandler
                0x08000c88       0x14 Core\Src\stm32f4xx_it.o
                0x08000c88                OTG_FS_IRQHandler
 .text._sbrk    0x08000c9c       0x58 Core\Src\syscalls.o
                0x08000c9c                _sbrk
 .text.SystemInit
                0x08000cf4       0x2c Core\Src\system_stm32f4xx.o
                0x08000cf4                SystemInit
 .text.HAL_Init
                0x08000d20       0x44 Drivers\STM32F4xx_HAL_Driver\Src\stm32f4xx_hal.o
                0x08000d20                HAL_Init
 .text.HAL_InitTick
                0x08000d64       0x60 Drivers\STM32F4xx_HAL_Driver\Src\stm32f4xx_hal.o
                0x08000d64                HAL_InitTick
 .text.HAL_IncTick
                0x08000dc4       0x28 Drivers\STM32F4xx_HAL_Driver\Src\stm32f4xx_hal.o
                0x08000dc4                HAL_IncTick
 .text.HAL_GetTick
                0x08000dec       0x18 Drivers\STM32F4xx_HAL_Driver\Src\stm32f4xx_hal.o
                0x08000dec                HAL_GetTick
 .text.HAL_Delay
                0x08000e04       0x44 Drivers\STM32F4xx_HAL_Driver\Src\stm32f4xx_hal.o
                0x08000e04                HAL_Delay
 .text.__NVIC_SetPriorityGrouping
                0x08000e48       0x48 Drivers\STM32F4xx_HAL_Driver\Src\stm32f4xx_hal_cortex.o
 .text.__NVIC_GetPriorityGrouping
                0x08000e90       0x1c Drivers\STM32F4xx_HAL_Driver\Src\stm32f4xx_hal_cortex.o
 .text.__NVIC_EnableIRQ
                0x08000eac       0x3c Drivers\STM32F4xx_HAL_Driver\Src\stm32f4xx_hal_cortex.o
 .text.__NVIC_SetPriority
                0x08000ee8       0x54 Drivers\STM32F4xx_HAL_Driver\Src\stm32f4xx_hal_cortex.o
 .text.NVIC_EncodePriority
                0x08000f3c       0x62 Drivers\STM32F4xx_HAL_Driver\Src\stm32f4xx_hal_cortex.o
 *fill*         0x08000f9e        0x2 
 .text.SysTick_Config
                0x08000fa0       0x44 Drivers\STM32F4xx_HAL_Driver\Src\stm32f4xx_hal_cortex.o
 .text.HAL_NVIC_SetPriorityGrouping
                0x08000fe4       0x16 Drivers\STM32F4xx_HAL_Driver\Src\stm32f4xx_hal_cortex.o
                0x08000fe4                HAL_NVIC_SetPriorityGrouping
 .text.HAL_NVIC_SetPriority
                0x08000ffa       0x38 Drivers\STM32F4xx_HAL_Driver\Src\stm32f4xx_hal_cortex.o
                0x08000ffa                HAL_NVIC_SetPriority
 .text.HAL_NVIC_EnableIRQ
                0x08001032       0x1c Drivers\STM32F4xx_HAL_Driver\Src\stm32f4xx_hal_cortex.o
                0x08001032                HAL_NVIC_EnableIRQ
 .text.HAL_SYSTICK_Config
                0x0800104e       0x18 Drivers\STM32F4xx_HAL_Driver\Src\stm32f4xx_hal_cortex.o
                0x0800104e                HAL_SYSTICK_Config
 *fill*         0x08001066        0x2 
 .text.HAL_GPIO_Init
                0x08001068      0x334 Drivers\STM32F4xx_HAL_Driver\Src\stm32f4xx_hal_gpio.o
                0x08001068                HAL_GPIO_Init
 .text.HAL_GPIO_WritePin
                0x0800139c       0x32 Drivers\STM32F4xx_HAL_Driver\Src\stm32f4xx_hal_gpio.o
                0x0800139c                HAL_GPIO_WritePin
 .text.HAL_HCD_Init
                0x080013ce       0xc4 Drivers\STM32F4xx_HAL_Driver\Src\stm32f4xx_hal_hcd.o
                0x080013ce                HAL_HCD_Init
 .text.HAL_HCD_HC_Init
                0x08001492      0x130 Drivers\STM32F4xx_HAL_Driver\Src\stm32f4xx_hal_hcd.o
                0x08001492                HAL_HCD_HC_Init
 .text.HAL_HCD_HC_Halt
                0x080015c2       0x46 Drivers\STM32F4xx_HAL_Driver\Src\stm32f4xx_hal_hcd.o
                0x080015c2                HAL_HCD_HC_Halt
 .text.HAL_HCD_HC_SubmitRequest
                0x08001608      0x2e4 Drivers\STM32F4xx_HAL_Driver\Src\stm32f4xx_hal_hcd.o
                0x08001608                HAL_HCD_HC_SubmitRequest
 .text.HAL_HCD_IRQHandler
                0x080018ec      0x208 Drivers\STM32F4xx_HAL_Driver\Src\stm32f4xx_hal_hcd.o
                0x080018ec                HAL_HCD_IRQHandler
 .text.HAL_HCD_Start
                0x08001af4       0x46 Drivers\STM32F4xx_HAL_Driver\Src\stm32f4xx_hal_hcd.o
                0x08001af4                HAL_HCD_Start
 .text.HAL_HCD_Stop
                0x08001b3a       0x3a Drivers\STM32F4xx_HAL_Driver\Src\stm32f4xx_hal_hcd.o
                0x08001b3a                HAL_HCD_Stop
 .text.HAL_HCD_ResetPort
                0x08001b74       0x1c Drivers\STM32F4xx_HAL_Driver\Src\stm32f4xx_hal_hcd.o
                0x08001b74                HAL_HCD_ResetPort
 .text.HAL_HCD_HC_GetURBState
                0x08001b90       0x2a Drivers\STM32F4xx_HAL_Driver\Src\stm32f4xx_hal_hcd.o
                0x08001b90                HAL_HCD_HC_GetURBState
 .text.HAL_HCD_HC_GetXferCount
                0x08001bba       0x2a Drivers\STM32F4xx_HAL_Driver\Src\stm32f4xx_hal_hcd.o
                0x08001bba                HAL_HCD_HC_GetXferCount
 .text.HAL_HCD_GetCurrentFrame
                0x08001be4       0x1c Drivers\STM32F4xx_HAL_Driver\Src\stm32f4xx_hal_hcd.o
                0x08001be4                HAL_HCD_GetCurrentFrame
 .text.HAL_HCD_GetCurrentSpeed
                0x08001c00       0x1c Drivers\STM32F4xx_HAL_Driver\Src\stm32f4xx_hal_hcd.o
                0x08001c00                HAL_HCD_GetCurrentSpeed
 .text.HCD_HC_IN_IRQHandler
                0x08001c1c      0x880 Drivers\STM32F4xx_HAL_Driver\Src\stm32f4xx_hal_hcd.o
 .text.HCD_HC_OUT_IRQHandler
                0x0800249c      0x6fe Drivers\STM32F4xx_HAL_Driver\Src\stm32f4xx_hal_hcd.o
 *fill*         0x08002b9a        0x2 
 .text.HCD_RXQLVL_IRQHandler
                0x08002b9c      0x158 Drivers\STM32F4xx_HAL_Driver\Src\stm32f4xx_hal_hcd.o
 .text.HCD_Port_IRQHandler
                0x08002cf4       0xe6 Drivers\STM32F4xx_HAL_Driver\Src\stm32f4xx_hal_hcd.o
 *fill*         0x08002dda        0x2 
 .text.HAL_I2C_Init
                0x08002ddc      0x270 Drivers\STM32F4xx_HAL_Driver\Src\stm32f4xx_hal_i2c.o
                0x08002ddc                HAL_I2C_Init
 .text.HAL_I2S_Init
                0x0800304c      0x280 Drivers\STM32F4xx_HAL_Driver\Src\stm32f4xx_hal_i2s.o
                0x0800304c                HAL_I2S_Init
 .text.HAL_I2S_TxCpltCallback
                0x080032cc       0x14 Drivers\STM32F4xx_HAL_Driver\Src\stm32f4xx_hal_i2s.o
                0x080032cc                HAL_I2S_TxCpltCallback
 .text.HAL_I2S_RxCpltCallback
                0x080032e0       0x14 Drivers\STM32F4xx_HAL_Driver\Src\stm32f4xx_hal_i2s.o
                0x080032e0                HAL_I2S_RxCpltCallback
 .text.HAL_I2S_ErrorCallback
                0x080032f4       0x14 Drivers\STM32F4xx_HAL_Driver\Src\stm32f4xx_hal_i2s.o
                0x080032f4                HAL_I2S_ErrorCallback
 .text.I2S_Transmit_IT
                0x08003308       0x5c Drivers\STM32F4xx_HAL_Driver\Src\stm32f4xx_hal_i2s.o
 .text.I2S_Receive_IT
                0x08003364       0x5e Drivers\STM32F4xx_HAL_Driver\Src\stm32f4xx_hal_i2s.o
 .text.I2S_IRQHandler
                0x080033c2      0x114 Drivers\STM32F4xx_HAL_Driver\Src\stm32f4xx_hal_i2s.o
 *fill*         0x080034d6        0x2 
 .text.HAL_I2SEx_FullDuplex_IRQHandler
                0x080034d8      0x2a8 Drivers\STM32F4xx_HAL_Driver\Src\stm32f4xx_hal_i2s_ex.o
                0x080034d8                HAL_I2SEx_FullDuplex_IRQHandler
 .text.HAL_I2SEx_TxRxCpltCallback
                0x08003780       0x14 Drivers\STM32F4xx_HAL_Driver\Src\stm32f4xx_hal_i2s_ex.o
                0x08003780                HAL_I2SEx_TxRxCpltCallback
 .text.I2SEx_TxISR_I2S
                0x08003794       0x62 Drivers\STM32F4xx_HAL_Driver\Src\stm32f4xx_hal_i2s_ex.o
 *fill*         0x080037f6        0x2 
 .text.I2SEx_TxISR_I2SExt
                0x080037f8       0x94 Drivers\STM32F4xx_HAL_Driver\Src\stm32f4xx_hal_i2s_ex.o
 .text.I2SEx_RxISR_I2S
                0x0800388c       0x64 Drivers\STM32F4xx_HAL_Driver\Src\stm32f4xx_hal_i2s_ex.o
 .text.I2SEx_RxISR_I2SExt
                0x080038f0       0x98 Drivers\STM32F4xx_HAL_Driver\Src\stm32f4xx_hal_i2s_ex.o
 .text.HAL_RCC_OscConfig
                0x08003988      0x4e0 Drivers\STM32F4xx_HAL_Driver\Src\stm32f4xx_hal_rcc.o
                0x08003988                HAL_RCC_OscConfig
 .text.HAL_RCC_ClockConfig
                0x08003e68      0x1cc Drivers\STM32F4xx_HAL_Driver\Src\stm32f4xx_hal_rcc.o
                0x08003e68                HAL_RCC_ClockConfig
 .text.HAL_RCC_GetSysClockFreq
                0x08004034      0x1b0 Drivers\STM32F4xx_HAL_Driver\Src\stm32f4xx_hal_rcc.o
                0x08004034                HAL_RCC_GetSysClockFreq
 .text.HAL_RCC_GetHCLKFreq
                0x080041e4       0x18 Drivers\STM32F4xx_HAL_Driver\Src\stm32f4xx_hal_rcc.o
                0x080041e4                HAL_RCC_GetHCLKFreq
 .text.HAL_RCC_GetPCLK1Freq
                0x080041fc       0x28 Drivers\STM32F4xx_HAL_Driver\Src\stm32f4xx_hal_rcc.o
                0x080041fc                HAL_RCC_GetPCLK1Freq
 .text.HAL_RCCEx_PeriphCLKConfig
                0x08004224      0x1c4 Drivers\STM32F4xx_HAL_Driver\Src\stm32f4xx_hal_rcc_ex.o
                0x08004224                HAL_RCCEx_PeriphCLKConfig
 .text.HAL_RCCEx_GetPeriphCLKFreq
                0x080043e8       0xb8 Drivers\STM32F4xx_HAL_Driver\Src\stm32f4xx_hal_rcc_ex.o
                0x080043e8                HAL_RCCEx_GetPeriphCLKFreq
 .text.HAL_SPI_Init
                0x080044a0       0xc6 Drivers\STM32F4xx_HAL_Driver\Src\stm32f4xx_hal_spi.o
                0x080044a0                HAL_SPI_Init
 .text.USB_CoreInit
                0x08004566       0xc2 Drivers\STM32F4xx_HAL_Driver\Src\stm32f4xx_ll_usb.o
                0x08004566                USB_CoreInit
 .text.USB_EnableGlobalInt
                0x08004628       0x22 Drivers\STM32F4xx_HAL_Driver\Src\stm32f4xx_ll_usb.o
                0x08004628                USB_EnableGlobalInt
 .text.USB_DisableGlobalInt
                0x0800464a       0x22 Drivers\STM32F4xx_HAL_Driver\Src\stm32f4xx_ll_usb.o
                0x0800464a                USB_DisableGlobalInt
 .text.USB_SetCurrentMode
                0x0800466c       0x54 Drivers\STM32F4xx_HAL_Driver\Src\stm32f4xx_ll_usb.o
                0x0800466c                USB_SetCurrentMode
 .text.USB_FlushTxFifo
                0x080046c0       0x4c Drivers\STM32F4xx_HAL_Driver\Src\stm32f4xx_ll_usb.o
                0x080046c0                USB_FlushTxFifo
 .text.USB_FlushRxFifo
                0x0800470c       0x44 Drivers\STM32F4xx_HAL_Driver\Src\stm32f4xx_ll_usb.o
                0x0800470c                USB_FlushRxFifo
 .text.USB_WritePacket
                0x08004750       0x6a Drivers\STM32F4xx_HAL_Driver\Src\stm32f4xx_ll_usb.o
                0x08004750                USB_WritePacket
 .text.USB_ReadPacket
                0x080047ba       0x52 Drivers\STM32F4xx_HAL_Driver\Src\stm32f4xx_ll_usb.o
                0x080047ba                USB_ReadPacket
 .text.USB_ReadInterrupts
                0x0800480c       0x26 Drivers\STM32F4xx_HAL_Driver\Src\stm32f4xx_ll_usb.o
                0x0800480c                USB_ReadInterrupts
 .text.USB_GetMode
                0x08004832       0x1c Drivers\STM32F4xx_HAL_Driver\Src\stm32f4xx_ll_usb.o
                0x08004832                USB_GetMode
 *fill*         0x0800484e        0x2 
 .text.USB_CoreReset
                0x08004850       0x68 Drivers\STM32F4xx_HAL_Driver\Src\stm32f4xx_ll_usb.o
 .text.USB_HostInit
                0x080048b8      0x17c Drivers\STM32F4xx_HAL_Driver\Src\stm32f4xx_ll_usb.o
                0x080048b8                USB_HostInit
 .text.USB_InitFSLSPClkSel
                0x08004a34       0x78 Drivers\STM32F4xx_HAL_Driver\Src\stm32f4xx_ll_usb.o
                0x08004a34                USB_InitFSLSPClkSel
 .text.USB_ResetPort
                0x08004aac       0x58 Drivers\STM32F4xx_HAL_Driver\Src\stm32f4xx_ll_usb.o
                0x08004aac                USB_ResetPort
 .text.USB_DriveVbus
                0x08004b04       0x76 Drivers\STM32F4xx_HAL_Driver\Src\stm32f4xx_ll_usb.o
                0x08004b04                USB_DriveVbus
 .text.USB_GetHostSpeed
                0x08004b7a       0x2e Drivers\STM32F4xx_HAL_Driver\Src\stm32f4xx_ll_usb.o
                0x08004b7a                USB_GetHostSpeed
 .text.USB_GetCurrentFrame
                0x08004ba8       0x22 Drivers\STM32F4xx_HAL_Driver\Src\stm32f4xx_ll_usb.o
                0x08004ba8                USB_GetCurrentFrame
 *fill*         0x08004bca        0x2 
 .text.USB_HC_Init
                0x08004bcc      0x224 Drivers\STM32F4xx_HAL_Driver\Src\stm32f4xx_ll_usb.o
                0x08004bcc                USB_HC_Init
 .text.USB_HC_StartXfer
                0x08004df0      0x290 Drivers\STM32F4xx_HAL_Driver\Src\stm32f4xx_ll_usb.o
                0x08004df0                USB_HC_StartXfer
 .text.USB_HC_ReadInterrupt
                0x08005080       0x22 Drivers\STM32F4xx_HAL_Driver\Src\stm32f4xx_ll_usb.o
                0x08005080                USB_HC_ReadInterrupt
 .text.USB_HC_Halt
                0x080050a2      0x212 Drivers\STM32F4xx_HAL_Driver\Src\stm32f4xx_ll_usb.o
                0x080050a2                USB_HC_Halt
 .text.USB_DoPing
                0x080052b4       0x78 Drivers\STM32F4xx_HAL_Driver\Src\stm32f4xx_ll_usb.o
                0x080052b4                USB_DoPing
 .text.USB_StopHost
                0x0800532c      0x10c Drivers\STM32F4xx_HAL_Driver\Src\stm32f4xx_ll_usb.o
                0x0800532c                USB_StopHost
 .text.USBH_CDC_InterfaceInit
                0x08005438      0x2ac Middlewares\ST\STM32_USB_Host_Library\Class\CDC\Src\usbh_cdc.o
 .text.USBH_CDC_InterfaceDeInit
                0x080056e4       0xb2 Middlewares\ST\STM32_USB_Host_Library\Class\CDC\Src\usbh_cdc.o
 .text.USBH_CDC_ClassRequest
                0x08005796       0x3e Middlewares\ST\STM32_USB_Host_Library\Class\CDC\Src\usbh_cdc.o
 .text.USBH_CDC_Process
                0x080057d4      0x12c Middlewares\ST\STM32_USB_Host_Library\Class\CDC\Src\usbh_cdc.o
 .text.USBH_CDC_SOFProcess
                0x08005900       0x16 Middlewares\ST\STM32_USB_Host_Library\Class\CDC\Src\usbh_cdc.o
 .text.GetLineCoding
                0x08005916       0x3e Middlewares\ST\STM32_USB_Host_Library\Class\CDC\Src\usbh_cdc.o
 .text.SetLineCoding
                0x08005954       0x3e Middlewares\ST\STM32_USB_Host_Library\Class\CDC\Src\usbh_cdc.o
 .text.CDC_ProcessTransmission
                0x08005992       0xf0 Middlewares\ST\STM32_USB_Host_Library\Class\CDC\Src\usbh_cdc.o
 .text.CDC_ProcessReception
                0x08005a82       0xb6 Middlewares\ST\STM32_USB_Host_Library\Class\CDC\Src\usbh_cdc.o
 .text.USBH_CDC_TransmitCallback
                0x08005b38       0x14 Middlewares\ST\STM32_USB_Host_Library\Class\CDC\Src\usbh_cdc.o
                0x08005b38                USBH_CDC_TransmitCallback
 .text.USBH_CDC_ReceiveCallback
                0x08005b4c       0x14 Middlewares\ST\STM32_USB_Host_Library\Class\CDC\Src\usbh_cdc.o
                0x08005b4c                USBH_CDC_ReceiveCallback
 .text.USBH_CDC_LineCodingChanged
                0x08005b60       0x14 Middlewares\ST\STM32_USB_Host_Library\Class\CDC\Src\usbh_cdc.o
                0x08005b60                USBH_CDC_LineCodingChanged
 .text.USBH_Init
                0x08005b74       0x74 Middlewares\ST\STM32_USB_Host_Library\Core\Src\usbh_core.o
                0x08005b74                USBH_Init
 .text.DeInitStateMachine
                0x08005be8       0xa8 Middlewares\ST\STM32_USB_Host_Library\Core\Src\usbh_core.o
 .text.USBH_RegisterClass
                0x08005c90       0x54 Middlewares\ST\STM32_USB_Host_Library\Core\Src\usbh_core.o
                0x08005c90                USBH_RegisterClass
 .text.USBH_SelectInterface
                0x08005ce4       0x38 Middlewares\ST\STM32_USB_Host_Library\Core\Src\usbh_core.o
                0x08005ce4                USBH_SelectInterface
 .text.USBH_FindInterface
                0x08005d1c       0x8c Middlewares\ST\STM32_USB_Host_Library\Core\Src\usbh_core.o
                0x08005d1c                USBH_FindInterface
 .text.USBH_Start
                0x08005da8       0x20 Middlewares\ST\STM32_USB_Host_Library\Core\Src\usbh_core.o
                0x08005da8                USBH_Start
 .text.USBH_Process
                0x08005dc8      0x3c0 Middlewares\ST\STM32_USB_Host_Library\Core\Src\usbh_core.o
                0x08005dc8                USBH_Process
 .text.USBH_HandleEnum
                0x08006188      0x3c8 Middlewares\ST\STM32_USB_Host_Library\Core\Src\usbh_core.o
 .text.USBH_LL_SetTimer
                0x08006550       0x1e Middlewares\ST\STM32_USB_Host_Library\Core\Src\usbh_core.o
                0x08006550                USBH_LL_SetTimer
 .text.USBH_LL_IncTimer
                0x0800656e       0x24 Middlewares\ST\STM32_USB_Host_Library\Core\Src\usbh_core.o
                0x0800656e                USBH_LL_IncTimer
 .text.USBH_HandleSof
                0x08006592       0x30 Middlewares\ST\STM32_USB_Host_Library\Core\Src\usbh_core.o
 .text.USBH_LL_PortEnabled
                0x080065c2       0x1c Middlewares\ST\STM32_USB_Host_Library\Core\Src\usbh_core.o
                0x080065c2                USBH_LL_PortEnabled
 .text.USBH_LL_PortDisabled
                0x080065de       0x1c Middlewares\ST\STM32_USB_Host_Library\Core\Src\usbh_core.o
                0x080065de                USBH_LL_PortDisabled
 .text.USBH_LL_Connect
                0x080065fa       0x2e Middlewares\ST\STM32_USB_Host_Library\Core\Src\usbh_core.o
                0x080065fa                USBH_LL_Connect
 .text.USBH_LL_Disconnect
                0x08006628       0x48 Middlewares\ST\STM32_USB_Host_Library\Core\Src\usbh_core.o
                0x08006628                USBH_LL_Disconnect
 .text.USBH_Get_DevDesc
                0x08006670       0x50 Middlewares\ST\STM32_USB_Host_Library\Core\Src\usbh_ctlreq.o
                0x08006670                USBH_Get_DevDesc
 .text.USBH_Get_CfgDesc
                0x080066c0       0x48 Middlewares\ST\STM32_USB_Host_Library\Core\Src\usbh_ctlreq.o
                0x080066c0                USBH_Get_CfgDesc
 .text.USBH_Get_StringDesc
                0x08006708       0x56 Middlewares\ST\STM32_USB_Host_Library\Core\Src\usbh_ctlreq.o
                0x08006708                USBH_Get_StringDesc
 .text.USBH_GetDescriptor
                0x0800675e       0x6a Middlewares\ST\STM32_USB_Host_Library\Core\Src\usbh_ctlreq.o
                0x0800675e                USBH_GetDescriptor
 .text.USBH_SetAddress
                0x080067c8       0x48 Middlewares\ST\STM32_USB_Host_Library\Core\Src\usbh_ctlreq.o
                0x080067c8                USBH_SetAddress
 .text.USBH_SetCfg
                0x08006810       0x46 Middlewares\ST\STM32_USB_Host_Library\Core\Src\usbh_ctlreq.o
                0x08006810                USBH_SetCfg
 .text.USBH_SetFeature
                0x08006856       0x48 Middlewares\ST\STM32_USB_Host_Library\Core\Src\usbh_ctlreq.o
                0x08006856                USBH_SetFeature
 .text.USBH_ClrFeature
                0x0800689e       0x48 Middlewares\ST\STM32_USB_Host_Library\Core\Src\usbh_ctlreq.o
                0x0800689e                USBH_ClrFeature
 .text.USBH_ParseDevDesc
                0x080068e6       0xe0 Middlewares\ST\STM32_USB_Host_Library\Core\Src\usbh_ctlreq.o
 .text.USBH_ParseCfgDesc
                0x080069c6      0x144 Middlewares\ST\STM32_USB_Host_Library\Core\Src\usbh_ctlreq.o
 .text.USBH_ParseInterfaceDesc
                0x08006b0a       0x5e Middlewares\ST\STM32_USB_Host_Library\Core\Src\usbh_ctlreq.o
 .text.USBH_ParseEPDesc
                0x08006b68       0x5a Middlewares\ST\STM32_USB_Host_Library\Core\Src\usbh_ctlreq.o
 .text.USBH_ParseStringDesc
                0x08006bc2       0x66 Middlewares\ST\STM32_USB_Host_Library\Core\Src\usbh_ctlreq.o
 .text.USBH_GetNextDesc
                0x08006c28       0x36 Middlewares\ST\STM32_USB_Host_Library\Core\Src\usbh_ctlreq.o
                0x08006c28                USBH_GetNextDesc
 .text.USBH_CtlReq
                0x08006c5e       0x7a Middlewares\ST\STM32_USB_Host_Library\Core\Src\usbh_ctlreq.o
                0x08006c5e                USBH_CtlReq
 .text.USBH_HandleControl
                0x08006cd8      0x2ec Middlewares\ST\STM32_USB_Host_Library\Core\Src\usbh_ctlreq.o
 .text.USBH_CtlSendSetup
                0x08006fc4       0x34 Middlewares\ST\STM32_USB_Host_Library\Core\Src\usbh_ioreq.o
                0x08006fc4                USBH_CtlSendSetup
 .text.USBH_CtlSendData
                0x08006ff8       0x4a Middlewares\ST\STM32_USB_Host_Library\Core\Src\usbh_ioreq.o
                0x08006ff8                USBH_CtlSendData
 .text.USBH_CtlReceiveData
                0x08007042       0x3c Middlewares\ST\STM32_USB_Host_Library\Core\Src\usbh_ioreq.o
                0x08007042                USBH_CtlReceiveData
 .text.USBH_BulkSendData
                0x0800707e       0x4a Middlewares\ST\STM32_USB_Host_Library\Core\Src\usbh_ioreq.o
                0x0800707e                USBH_BulkSendData
 .text.USBH_BulkReceiveData
                0x080070c8       0x3c Middlewares\ST\STM32_USB_Host_Library\Core\Src\usbh_ioreq.o
                0x080070c8                USBH_BulkReceiveData
 .text.USBH_OpenPipe
                0x08007104       0x3e Middlewares\ST\STM32_USB_Host_Library\Core\Src\usbh_pipes.o
                0x08007104                USBH_OpenPipe
 .text.USBH_ClosePipe
                0x08007142       0x20 Middlewares\ST\STM32_USB_Host_Library\Core\Src\usbh_pipes.o
                0x08007142                USBH_ClosePipe
 .text.USBH_AllocPipe
                0x08007162       0x42 Middlewares\ST\STM32_USB_Host_Library\Core\Src\usbh_pipes.o
                0x08007162                USBH_AllocPipe
 .text.USBH_FreePipe
                0x080071a4       0x3e Middlewares\ST\STM32_USB_Host_Library\Core\Src\usbh_pipes.o
                0x080071a4                USBH_FreePipe
 .text.USBH_GetFreePipe
                0x080071e2       0x48 Middlewares\ST\STM32_USB_Host_Library\Core\Src\usbh_pipes.o
 *fill*         0x0800722a        0x2 
 .text.MX_USB_HOST_Init
                0x0800722c       0x4c USB_HOST\App\usb_host.o
                0x0800722c                MX_USB_HOST_Init
 .text.MX_USB_HOST_Process
                0x08007278       0x14 USB_HOST\App\usb_host.o
                0x08007278                MX_USB_HOST_Process
 .text.USBH_UserProcess
                0x0800728c       0x5c USB_HOST\App\usb_host.o
 .text.HAL_HCD_MspInit
                0x080072e8       0xc4 USB_HOST\Target\usbh_conf.o
                0x080072e8                HAL_HCD_MspInit
 .text.HAL_HCD_SOF_Callback
                0x080073ac       0x1c USB_HOST\Target\usbh_conf.o
                0x080073ac                HAL_HCD_SOF_Callback
 .text.HAL_HCD_Connect_Callback
                0x080073c8       0x1c USB_HOST\Target\usbh_conf.o
                0x080073c8                HAL_HCD_Connect_Callback
 .text.HAL_HCD_Disconnect_Callback
                0x080073e4       0x1c USB_HOST\Target\usbh_conf.o
                0x080073e4                HAL_HCD_Disconnect_Callback
 .text.HAL_HCD_HC_NotifyURBChange_Callback
                0x08007400       0x1c USB_HOST\Target\usbh_conf.o
                0x08007400                HAL_HCD_HC_NotifyURBChange_Callback
 .text.HAL_HCD_PortEnabled_Callback
                0x0800741c       0x1c USB_HOST\Target\usbh_conf.o
                0x0800741c                HAL_HCD_PortEnabled_Callback
 .text.HAL_HCD_PortDisabled_Callback
                0x08007438       0x1c USB_HOST\Target\usbh_conf.o
                0x08007438                HAL_HCD_PortDisabled_Callback
 .text.USBH_LL_Init
                0x08007454       0x78 USB_HOST\Target\usbh_conf.o
                0x08007454                USBH_LL_Init
 .text.USBH_LL_Start
                0x080074cc       0x36 USB_HOST\Target\usbh_conf.o
                0x080074cc                USBH_LL_Start
 .text.USBH_LL_Stop
                0x08007502       0x36 USB_HOST\Target\usbh_conf.o
                0x08007502                USBH_LL_Stop
 .text.USBH_LL_GetSpeed
                0x08007538       0x4a USB_HOST\Target\usbh_conf.o
                0x08007538                USBH_LL_GetSpeed
 .text.USBH_LL_ResetPort
                0x08007582       0x36 USB_HOST\Target\usbh_conf.o
                0x08007582                USBH_LL_ResetPort
 .text.USBH_LL_GetLastXferSize
                0x080075b8       0x26 USB_HOST\Target\usbh_conf.o
                0x080075b8                USBH_LL_GetLastXferSize
 .text.USBH_LL_OpenPipe
                0x080075de       0x5e USB_HOST\Target\usbh_conf.o
                0x080075de                USBH_LL_OpenPipe
 .text.USBH_LL_ClosePipe
                0x0800763c       0x3e USB_HOST\Target\usbh_conf.o
                0x0800763c                USBH_LL_ClosePipe
 .text.USBH_LL_SubmitURB
                0x0800767a       0x62 USB_HOST\Target\usbh_conf.o
                0x0800767a                USBH_LL_SubmitURB
 .text.USBH_LL_GetURBState
                0x080076dc       0x26 USB_HOST\Target\usbh_conf.o
                0x080076dc                USBH_LL_GetURBState
 .text.USBH_LL_DriverVBUS
                0x08007702       0x2e USB_HOST\Target\usbh_conf.o
                0x08007702                USBH_LL_DriverVBUS
 .text.USBH_LL_SetToggle
                0x08007730       0x66 USB_HOST\Target\usbh_conf.o
                0x08007730                USBH_LL_SetToggle
 .text.USBH_Delay
                0x08007796       0x16 USB_HOST\Target\usbh_conf.o
                0x08007796                USBH_Delay
 .text.USBH_Get_USB_Status
                0x080077ac       0x58 USB_HOST\Target\usbh_conf.o
                0x080077ac                USBH_Get_USB_Status
 .text.MX_DriverVbusFS
                0x08007804       0x38 USB_HOST\Target\usbh_platform.o
                0x08007804                MX_DriverVbusFS
 .text.Reset_Handler
                0x0800783c       0x50 startup\startup_stm32f407xx.o
                0x0800783c                Reset_Handler
 .text.Default_Handler
                0x0800788c        0x2 startup\startup_stm32f407xx.o
                0x0800788c                RTC_Alarm_IRQHandler
                0x0800788c                HASH_RNG_IRQHandler
                0x0800788c                EXTI2_IRQHandler
                0x0800788c                TIM8_CC_IRQHandler
                0x0800788c                TIM1_CC_IRQHandler
                0x0800788c                DMA2_Stream5_IRQHandler
                0x0800788c                DMA1_Stream5_IRQHandler
                0x0800788c                PVD_IRQHandler
                0x0800788c                SDIO_IRQHandler
                0x0800788c                TAMP_STAMP_IRQHandler
                0x0800788c                CAN2_RX1_IRQHandler
                0x0800788c                EXTI3_IRQHandler
                0x0800788c                TIM8_TRG_COM_TIM14_IRQHandler
                0x0800788c                TIM1_UP_TIM10_IRQHandler
                0x0800788c                TIM8_UP_TIM13_IRQHandler
                0x0800788c                I2C3_ER_IRQHandler
                0x0800788c                EXTI0_IRQHandler
                0x0800788c                I2C2_EV_IRQHandler
                0x0800788c                DMA1_Stream2_IRQHandler
                0x0800788c                CAN1_RX0_IRQHandler
                0x0800788c                FPU_IRQHandler
                0x0800788c                OTG_HS_WKUP_IRQHandler
                0x0800788c                CAN2_SCE_IRQHandler
                0x0800788c                DMA2_Stream2_IRQHandler
                0x0800788c                SPI1_IRQHandler
                0x0800788c                TIM6_DAC_IRQHandler
                0x0800788c                TIM1_BRK_TIM9_IRQHandler
                0x0800788c                DCMI_IRQHandler
                0x0800788c                CAN2_RX0_IRQHandler
                0x0800788c                DMA2_Stream3_IRQHandler
                0x0800788c                USART6_IRQHandler
                0x0800788c                USART3_IRQHandler
                0x0800788c                CAN1_RX1_IRQHandler
                0x0800788c                UART5_IRQHandler
                0x0800788c                DMA2_Stream0_IRQHandler
                0x0800788c                TIM4_IRQHandler
                0x0800788c                I2C1_EV_IRQHandler
                0x0800788c                DMA1_Stream6_IRQHandler
                0x0800788c                DMA1_Stream1_IRQHandler
                0x0800788c                UART4_IRQHandler
                0x0800788c                TIM3_IRQHandler
                0x0800788c                RCC_IRQHandler
                0x0800788c                TIM8_BRK_TIM12_IRQHandler
                0x0800788c                Default_Handler
                0x0800788c                EXTI15_10_IRQHandler
                0x0800788c                ADC_IRQHandler
                0x0800788c                DMA1_Stream7_IRQHandler
                0x0800788c                TIM7_IRQHandler
                0x0800788c                CAN2_TX_IRQHandler
                0x0800788c                TIM5_IRQHandler
                0x0800788c                DMA2_Stream7_IRQHandler
                0x0800788c                I2C3_EV_IRQHandler
                0x0800788c                EXTI9_5_IRQHandler
                0x0800788c                RTC_WKUP_IRQHandler
                0x0800788c                ETH_WKUP_IRQHandler
                0x0800788c                SPI2_IRQHandler
                0x0800788c                OTG_HS_EP1_IN_IRQHandler
                0x0800788c                DMA1_Stream0_IRQHandler
                0x0800788c                CAN1_TX_IRQHandler
                0x0800788c                EXTI4_IRQHandler
                0x0800788c                FSMC_IRQHandler
                0x0800788c                ETH_IRQHandler
                0x0800788c                OTG_HS_EP1_OUT_IRQHandler
                0x0800788c                WWDG_IRQHandler
                0x0800788c                TIM2_IRQHandler
                0x0800788c                OTG_FS_WKUP_IRQHandler
                0x0800788c                TIM1_TRG_COM_TIM11_IRQHandler
                0x0800788c                OTG_HS_IRQHandler
                0x0800788c                EXTI1_IRQHandler
                0x0800788c                USART2_IRQHandler
                0x0800788c                I2C2_ER_IRQHandler
                0x0800788c                DMA2_Stream1_IRQHandler
                0x0800788c                CAN1_SCE_IRQHandler
                0x0800788c                FLASH_IRQHandler
                0x0800788c                DMA2_Stream4_IRQHandler
                0x0800788c                USART1_IRQHandler
                0x0800788c                SPI3_IRQHandler
                0x0800788c                DMA1_Stream4_IRQHandler
                0x0800788c                I2C1_ER_IRQHandler
                0x0800788c                DMA2_Stream6_IRQHandler
                0x0800788c                DMA1_Stream3_IRQHandler
 *fill*         0x0800788e        0x2 
 .text.__errno  0x08007890        0xc c:/program files (x86)/atollic/truestudio for stm32 9.3.0/armtools/bin/../lib/gcc/arm-atollic-eabi/6.3.1/../../../../arm-atollic-eabi/lib/armv7e-m/fpu\libc_nano.a(lib_a-errno.o)
                0x08007890                __errno
 .text.__libc_init_array
                0x0800789c       0x48 c:/program files (x86)/atollic/truestudio for stm32 9.3.0/armtools/bin/../lib/gcc/arm-atollic-eabi/6.3.1/../../../../arm-atollic-eabi/lib/armv7e-m/fpu\libc_nano.a(lib_a-init.o)
                0x0800789c                __libc_init_array
 .text.malloc   0x080078e4       0x10 c:/program files (x86)/atollic/truestudio for stm32 9.3.0/armtools/bin/../lib/gcc/arm-atollic-eabi/6.3.1/../../../../arm-atollic-eabi/lib/armv7e-m/fpu\libc_nano.a(lib_a-malloc.o)
                0x080078e4                malloc
 .text.free     0x080078f4       0x10 c:/program files (x86)/atollic/truestudio for stm32 9.3.0/armtools/bin/../lib/gcc/arm-atollic-eabi/6.3.1/../../../../arm-atollic-eabi/lib/armv7e-m/fpu\libc_nano.a(lib_a-malloc.o)
                0x080078f4                free
 .text.memset   0x08007904       0x10 c:/program files (x86)/atollic/truestudio for stm32 9.3.0/armtools/bin/../lib/gcc/arm-atollic-eabi/6.3.1/../../../../arm-atollic-eabi/lib/armv7e-m/fpu\libc_nano.a(lib_a-memset.o)
                0x08007904                memset
 .text._free_r  0x08007914       0x9c c:/program files (x86)/atollic/truestudio for stm32 9.3.0/armtools/bin/../lib/gcc/arm-atollic-eabi/6.3.1/../../../../arm-atollic-eabi/lib/armv7e-m/fpu\libc_nano.a(lib_a-nano-freer.o)
                0x08007914                _free_r
 .text._malloc_r
                0x080079b0       0xbc c:/program files (x86)/atollic/truestudio for stm32 9.3.0/armtools/bin/../lib/gcc/arm-atollic-eabi/6.3.1/../../../../arm-atollic-eabi/lib/armv7e-m/fpu\libc_nano.a(lib_a-nano-mallocr.o)
                0x080079b0                _malloc_r
 .text._sbrk_r  0x08007a6c       0x20 c:/program files (x86)/atollic/truestudio for stm32 9.3.0/armtools/bin/../lib/gcc/arm-atollic-eabi/6.3.1/../../../../arm-atollic-eabi/lib/armv7e-m/fpu\libc_nano.a(lib_a-sbrkr.o)
                0x08007a6c                _sbrk_r
 .text.__malloc_lock
                0x08007a8c        0x2 c:/program files (x86)/atollic/truestudio for stm32 9.3.0/armtools/bin/../lib/gcc/arm-atollic-eabi/6.3.1/../../../../arm-atollic-eabi/lib/armv7e-m/fpu\libc_nano.a(lib_a-mlock.o)
                0x08007a8c                __malloc_lock
 .text.__malloc_unlock
                0x08007a8e        0x2 c:/program files (x86)/atollic/truestudio for stm32 9.3.0/armtools/bin/../lib/gcc/arm-atollic-eabi/6.3.1/../../../../arm-atollic-eabi/lib/armv7e-m/fpu\libc_nano.a(lib_a-mlock.o)
                0x08007a8e                __malloc_unlock
 *(.glue_7)
 .glue_7        0x08007a90        0x0 linker stubs
 *(.glue_7t)
 .glue_7t       0x08007a90        0x0 linker stubs
 *(.eh_frame)
 .eh_frame      0x08007a90        0x0 c:/program files (x86)/atollic/truestudio for stm32 9.3.0/armtools/bin/../lib/gcc/arm-atollic-eabi/6.3.1/armv7e-m/fpu/crtbegin.o
 *(.init)
 .init          0x08007a90        0x4 c:/program files (x86)/atollic/truestudio for stm32 9.3.0/armtools/bin/../lib/gcc/arm-atollic-eabi/6.3.1/armv7e-m/fpu/crti.o
                0x08007a90                _init
 .init          0x08007a94        0x8 c:/program files (x86)/atollic/truestudio for stm32 9.3.0/armtools/bin/../lib/gcc/arm-atollic-eabi/6.3.1/armv7e-m/fpu/crtn.o
 *(.fini)
 .fini          0x08007a9c        0x4 c:/program files (x86)/atollic/truestudio for stm32 9.3.0/armtools/bin/../lib/gcc/arm-atollic-eabi/6.3.1/armv7e-m/fpu/crti.o
                0x08007a9c                _fini
 .fini          0x08007aa0        0x8 c:/program files (x86)/atollic/truestudio for stm32 9.3.0/armtools/bin/../lib/gcc/arm-atollic-eabi/6.3.1/armv7e-m/fpu/crtn.o
                0x08007aa8                . = ALIGN (0x4)
                0x08007aa8                _etext = .

.vfp11_veneer   0x08007aa8        0x0
 .vfp11_veneer  0x08007aa8        0x0 linker stubs

.v4_bx          0x08007aa8        0x0
 .v4_bx         0x08007aa8        0x0 linker stubs

.iplt           0x08007aa8        0x0
 .iplt          0x08007aa8        0x0 c:/program files (x86)/atollic/truestudio for stm32 9.3.0/armtools/bin/../lib/gcc/arm-atollic-eabi/6.3.1/armv7e-m/fpu/crtbegin.o

.rodata         0x08007aa8       0x1c
                0x08007aa8                . = ALIGN (0x4)
 *(.rodata)
 .rodata        0x08007aa8        0x4 Middlewares\ST\STM32_USB_Host_Library\Class\CDC\Src\usbh_cdc.o
 *(.rodata*)
 .rodata.AHBPrescTable
                0x08007aac       0x10 Core\Src\system_stm32f4xx.o
                0x08007aac                AHBPrescTable
 .rodata.APBPrescTable
                0x08007abc        0x8 Core\Src\system_stm32f4xx.o
                0x08007abc                APBPrescTable
                0x08007ac4                . = ALIGN (0x4)

.ARM.extab
 *(.ARM.extab* .gnu.linkonce.armextab.*)

.ARM            0x08007ac4        0x8
                0x08007ac4                __exidx_start = .
 *(.ARM.exidx*)
 .ARM.exidx     0x08007ac4        0x8 c:/program files (x86)/atollic/truestudio for stm32 9.3.0/armtools/bin/../lib/gcc/arm-atollic-eabi/6.3.1/armv7e-m/fpu\libgcc.a(_udivmoddi4.o)
                0x08007acc                __exidx_end = .

.rel.dyn        0x08007acc        0x0
 .rel.iplt      0x08007acc        0x0 c:/program files (x86)/atollic/truestudio for stm32 9.3.0/armtools/bin/../lib/gcc/arm-atollic-eabi/6.3.1/armv7e-m/fpu/crtbegin.o

.preinit_array  0x08007acc        0x0
                0x08007acc                PROVIDE (__preinit_array_start, .)
 *(.preinit_array*)
                0x08007acc                PROVIDE (__preinit_array_end, .)

.init_array     0x08007acc        0x4
                0x08007acc                PROVIDE (__init_array_start, .)
 *(SORT(.init_array.*))
 *(.init_array*)
 .init_array    0x08007acc        0x4 c:/program files (x86)/atollic/truestudio for stm32 9.3.0/armtools/bin/../lib/gcc/arm-atollic-eabi/6.3.1/armv7e-m/fpu/crtbegin.o
                0x08007ad0                PROVIDE (__init_array_end, .)

.fini_array     0x08007ad0        0x4
                [!provide]                PROVIDE (__fini_array_start, .)
 *(SORT(.fini_array.*))
 *(.fini_array*)
 .fini_array    0x08007ad0        0x4 c:/program files (x86)/atollic/truestudio for stm32 9.3.0/armtools/bin/../lib/gcc/arm-atollic-eabi/6.3.1/armv7e-m/fpu/crtbegin.o
                [!provide]                PROVIDE (__fini_array_end, .)
                0x08007ad4                _sidata = LOADADDR (.data)

.data           0x20000000       0x90 load address 0x08007ad4
                0x20000000                . = ALIGN (0x4)
                0x20000000                _sdata = .
 *(.data)
 *(.data*)
 .data.SystemCoreClock
                0x20000000        0x4 Core\Src\system_stm32f4xx.o
                0x20000000                SystemCoreClock
 .data.uwTickPrio
                0x20000004        0x4 Drivers\STM32F4xx_HAL_Driver\Src\stm32f4xx_hal.o
                0x20000004                uwTickPrio
 .data.uwTickFreq
                0x20000008        0x1 Drivers\STM32F4xx_HAL_Driver\Src\stm32f4xx_hal.o
                0x20000008                uwTickFreq
 *fill*         0x20000009        0x3 
 .data.CDC_Class
                0x2000000c       0x20 Middlewares\ST\STM32_USB_Host_Library\Class\CDC\Src\usbh_cdc.o
                0x2000000c                CDC_Class
 .data._impure_ptr
                0x2000002c        0x4 c:/program files (x86)/atollic/truestudio for stm32 9.3.0/armtools/bin/../lib/gcc/arm-atollic-eabi/6.3.1/../../../../arm-atollic-eabi/lib/armv7e-m/fpu\libc_nano.a(lib_a-impure.o)
                0x2000002c                _impure_ptr
 .data.impure_data
                0x20000030       0x60 c:/program files (x86)/atollic/truestudio for stm32 9.3.0/armtools/bin/../lib/gcc/arm-atollic-eabi/6.3.1/../../../../arm-atollic-eabi/lib/armv7e-m/fpu\libc_nano.a(lib_a-impure.o)
                0x20000090                . = ALIGN (0x4)
                0x20000090                _edata = .
                0x08007b64                _siccmram = LOADADDR (.ccmram)

.igot.plt       0x20000090        0x0 load address 0x08007b64
 .igot.plt      0x20000090        0x0 c:/program files (x86)/atollic/truestudio for stm32 9.3.0/armtools/bin/../lib/gcc/arm-atollic-eabi/6.3.1/armv7e-m/fpu/crtbegin.o

.ccmram         0x10000000        0x0 load address 0x08007b64
                0x10000000                . = ALIGN (0x4)
                0x10000000                _sccmram = .
 *(.ccmram)
 *(.ccmram*)
                0x10000000                . = ALIGN (0x4)
                0x10000000                _eccmram = .
                0x10000000                . = ALIGN (0x4)

.bss            0x20000090      0x7c8
                0x20000090                _sbss = .
                0x20000090                __bss_start__ = _sbss
 *(.bss)
 .bss           0x20000090       0x1c c:/program files (x86)/atollic/truestudio for stm32 9.3.0/armtools/bin/../lib/gcc/arm-atollic-eabi/6.3.1/armv7e-m/fpu/crtbegin.o
 *(.bss*)
 .bss.heap_end.7010
                0x200000ac        0x4 Core\Src\syscalls.o
 .bss.tmpreg.8297
                0x200000b0        0x4 Drivers\STM32F4xx_HAL_Driver\Src\stm32f4xx_ll_usb.o
 .bss.Appli_state
                0x200000b4        0x1 USB_HOST\App\usb_host.o
                0x200000b4                Appli_state
 *fill*         0x200000b5        0x3 
 .bss.__malloc_free_list
                0x200000b8        0x4 c:/program files (x86)/atollic/truestudio for stm32 9.3.0/armtools/bin/../lib/gcc/arm-atollic-eabi/6.3.1/../../../../arm-atollic-eabi/lib/armv7e-m/fpu\libc_nano.a(lib_a-nano-mallocr.o)
                0x200000b8                __malloc_free_list
 .bss.__malloc_sbrk_start
                0x200000bc        0x4 c:/program files (x86)/atollic/truestudio for stm32 9.3.0/armtools/bin/../lib/gcc/arm-atollic-eabi/6.3.1/../../../../arm-atollic-eabi/lib/armv7e-m/fpu\libc_nano.a(lib_a-nano-mallocr.o)
                0x200000bc                __malloc_sbrk_start
 *(COMMON)
 COMMON         0x200000c0       0x54 Core\Src\i2c.o
                0x200000c0                hi2c1
 COMMON         0x20000114       0x48 Core\Src\i2s.o
                0x20000114                hi2s3
 COMMON         0x2000015c       0x58 Core\Src\spi.o
                0x2000015c                hspi1
 COMMON         0x200001b4        0x4 Drivers\STM32F4xx_HAL_Driver\Src\stm32f4xx_hal.o
                0x200001b4                uwTick
 COMMON         0x200001b8      0x3d8 USB_HOST\App\usb_host.o
                0x200001b8                hUsbHostFS
 COMMON         0x20000590      0x2c4 USB_HOST\Target\usbh_conf.o
                0x20000590                hhcd_USB_OTG_FS
 COMMON         0x20000854        0x4 c:/program files (x86)/atollic/truestudio for stm32 9.3.0/armtools/bin/../lib/gcc/arm-atollic-eabi/6.3.1/../../../../arm-atollic-eabi/lib/armv7e-m/fpu\libc_nano.a(lib_a-reent.o)
                0x20000854                errno
                0x20000858                . = ALIGN (0x4)
                0x20000858                _ebss = .
                0x20000858                __bss_end__ = _ebss

._user_heap_stack
                0x20000858      0x600
                0x20000858                . = ALIGN (0x4)
                0x20000858                PROVIDE (end, .)
                [!provide]                PROVIDE (_end, .)
                0x20000a58                . = (. + _Min_Heap_Size)
 *fill*         0x20000858      0x200 
                0x20000e58                . = (. + _Min_Stack_Size)
 *fill*         0x20000a58      0x400 
                0x20000e58                . = ALIGN (0x4)

/DISCARD/
 libc.a(*)
 libm.a(*)
 libgcc.a(*)

.ARM.attributes
                0x00000000       0x30
 *(.ARM.attributes)
 .ARM.attributes
                0x00000000       0x22 c:/program files (x86)/atollic/truestudio for stm32 9.3.0/armtools/bin/../lib/gcc/arm-atollic-eabi/6.3.1/armv7e-m/fpu/crti.o
 .ARM.attributes
                0x00000022       0x34 c:/program files (x86)/atollic/truestudio for stm32 9.3.0/armtools/bin/../lib/gcc/arm-atollic-eabi/6.3.1/armv7e-m/fpu/crtbegin.o
 .ARM.attributes
                0x00000056       0x39 Core\Src\gpio.o
 .ARM.attributes
                0x0000008f       0x39 Core\Src\i2c.o
 .ARM.attributes
                0x000000c8       0x39 Core\Src\i2s.o
 .ARM.attributes
                0x00000101       0x39 Core\Src\main.o
 .ARM.attributes
                0x0000013a       0x39 Core\Src\spi.o
 .ARM.attributes
                0x00000173       0x39 Core\Src\stm32f4xx_hal_msp.o
 .ARM.attributes
                0x000001ac       0x39 Core\Src\stm32f4xx_it.o
 .ARM.attributes
                0x000001e5       0x39 Core\Src\syscalls.o
 .ARM.attributes
                0x0000021e       0x39 Core\Src\system_stm32f4xx.o
 .ARM.attributes
                0x00000257       0x39 Drivers\STM32F4xx_HAL_Driver\Src\stm32f4xx_hal.o
 .ARM.attributes
                0x00000290       0x39 Drivers\STM32F4xx_HAL_Driver\Src\stm32f4xx_hal_cortex.o
 .ARM.attributes
                0x000002c9       0x39 Drivers\STM32F4xx_HAL_Driver\Src\stm32f4xx_hal_gpio.o
 .ARM.attributes
                0x00000302       0x39 Drivers\STM32F4xx_HAL_Driver\Src\stm32f4xx_hal_hcd.o
 .ARM.attributes
                0x0000033b       0x39 Drivers\STM32F4xx_HAL_Driver\Src\stm32f4xx_hal_i2c.o
 .ARM.attributes
                0x00000374       0x39 Drivers\STM32F4xx_HAL_Driver\Src\stm32f4xx_hal_i2s.o
 .ARM.attributes
                0x000003ad       0x39 Drivers\STM32F4xx_HAL_Driver\Src\stm32f4xx_hal_i2s_ex.o
 .ARM.attributes
                0x000003e6       0x39 Drivers\STM32F4xx_HAL_Driver\Src\stm32f4xx_hal_rcc.o
 .ARM.attributes
                0x0000041f       0x39 Drivers\STM32F4xx_HAL_Driver\Src\stm32f4xx_hal_rcc_ex.o
 .ARM.attributes
                0x00000458       0x39 Drivers\STM32F4xx_HAL_Driver\Src\stm32f4xx_hal_spi.o
 .ARM.attributes
                0x00000491       0x39 Drivers\STM32F4xx_HAL_Driver\Src\stm32f4xx_ll_usb.o
 .ARM.attributes
                0x000004ca       0x39 Middlewares\ST\STM32_USB_Host_Library\Class\CDC\Src\usbh_cdc.o
 .ARM.attributes
                0x00000503       0x39 Middlewares\ST\STM32_USB_Host_Library\Core\Src\usbh_core.o
 .ARM.attributes
                0x0000053c       0x39 Middlewares\ST\STM32_USB_Host_Library\Core\Src\usbh_ctlreq.o
 .ARM.attributes
                0x00000575       0x39 Middlewares\ST\STM32_USB_Host_Library\Core\Src\usbh_ioreq.o
 .ARM.attributes
                0x000005ae       0x39 Middlewares\ST\STM32_USB_Host_Library\Core\Src\usbh_pipes.o
 .ARM.attributes
                0x000005e7       0x39 USB_HOST\App\usb_host.o
 .ARM.attributes
                0x00000620       0x39 USB_HOST\Target\usbh_conf.o
 .ARM.attributes
                0x00000659       0x39 USB_HOST\Target\usbh_platform.o
 .ARM.attributes
                0x00000692       0x21 startup\startup_stm32f407xx.o
 .ARM.attributes
                0x000006b3       0x34 c:/program files (x86)/atollic/truestudio for stm32 9.3.0/armtools/bin/../lib/gcc/arm-atollic-eabi/6.3.1/../../../../arm-atollic-eabi/lib/armv7e-m/fpu\libc_nano.a(lib_a-errno.o)
 .ARM.attributes
                0x000006e7       0x34 c:/program files (x86)/atollic/truestudio for stm32 9.3.0/armtools/bin/../lib/gcc/arm-atollic-eabi/6.3.1/../../../../arm-atollic-eabi/lib/armv7e-m/fpu\libc_nano.a(lib_a-impure.o)
 .ARM.attributes
                0x0000071b       0x34 c:/program files (x86)/atollic/truestudio for stm32 9.3.0/armtools/bin/../lib/gcc/arm-atollic-eabi/6.3.1/../../../../arm-atollic-eabi/lib/armv7e-m/fpu\libc_nano.a(lib_a-init.o)
 .ARM.attributes
                0x0000074f       0x34 c:/program files (x86)/atollic/truestudio for stm32 9.3.0/armtools/bin/../lib/gcc/arm-atollic-eabi/6.3.1/../../../../arm-atollic-eabi/lib/armv7e-m/fpu\libc_nano.a(lib_a-malloc.o)
 .ARM.attributes
                0x00000783       0x34 c:/program files (x86)/atollic/truestudio for stm32 9.3.0/armtools/bin/../lib/gcc/arm-atollic-eabi/6.3.1/../../../../arm-atollic-eabi/lib/armv7e-m/fpu\libc_nano.a(lib_a-memset.o)
 .ARM.attributes
                0x000007b7       0x34 c:/program files (x86)/atollic/truestudio for stm32 9.3.0/armtools/bin/../lib/gcc/arm-atollic-eabi/6.3.1/../../../../arm-atollic-eabi/lib/armv7e-m/fpu\libc_nano.a(lib_a-nano-freer.o)
 .ARM.attributes
                0x000007eb       0x34 c:/program files (x86)/atollic/truestudio for stm32 9.3.0/armtools/bin/../lib/gcc/arm-atollic-eabi/6.3.1/../../../../arm-atollic-eabi/lib/armv7e-m/fpu\libc_nano.a(lib_a-nano-mallocr.o)
 .ARM.attributes
                0x0000081f       0x34 c:/program files (x86)/atollic/truestudio for stm32 9.3.0/armtools/bin/../lib/gcc/arm-atollic-eabi/6.3.1/../../../../arm-atollic-eabi/lib/armv7e-m/fpu\libc_nano.a(lib_a-sbrkr.o)
 .ARM.attributes
                0x00000853       0x34 c:/program files (x86)/atollic/truestudio for stm32 9.3.0/armtools/bin/../lib/gcc/arm-atollic-eabi/6.3.1/../../../../arm-atollic-eabi/lib/armv7e-m/fpu\libc_nano.a(lib_a-mlock.o)
 .ARM.attributes
                0x00000887       0x34 c:/program files (x86)/atollic/truestudio for stm32 9.3.0/armtools/bin/../lib/gcc/arm-atollic-eabi/6.3.1/../../../../arm-atollic-eabi/lib/armv7e-m/fpu\libc_nano.a(lib_a-reent.o)
 .ARM.attributes
                0x000008bb       0x22 c:/program files (x86)/atollic/truestudio for stm32 9.3.0/armtools/bin/../lib/gcc/arm-atollic-eabi/6.3.1/armv7e-m/fpu\libgcc.a(_aeabi_uldivmod.o)
 .ARM.attributes
                0x000008dd       0x34 c:/program files (x86)/atollic/truestudio for stm32 9.3.0/armtools/bin/../lib/gcc/arm-atollic-eabi/6.3.1/armv7e-m/fpu\libgcc.a(_udivmoddi4.o)
 .ARM.attributes
                0x00000911       0x22 c:/program files (x86)/atollic/truestudio for stm32 9.3.0/armtools/bin/../lib/gcc/arm-atollic-eabi/6.3.1/armv7e-m/fpu\libgcc.a(_dvmd_tls.o)
 .ARM.attributes
                0x00000933       0x22 c:/program files (x86)/atollic/truestudio for stm32 9.3.0/armtools/bin/../lib/gcc/arm-atollic-eabi/6.3.1/armv7e-m/fpu/crtn.o
OUTPUT(LED test.elf elf32-littlearm)

.debug_info     0x00000000    0x1a0e1
 .debug_info    0x00000000      0x501 Core\Src\gpio.o
 .debug_info    0x00000501      0x9da Core\Src\i2c.o
 .debug_info    0x00000edb      0x9a6 Core\Src\i2s.o
 .debug_info    0x00001881      0xf53 Core\Src\main.o
 .debug_info    0x000027d4      0x9b5 Core\Src\spi.o
 .debug_info    0x00003189      0x364 Core\Src\stm32f4xx_hal_msp.o
 .debug_info    0x000034ed      0x6b2 Core\Src\stm32f4xx_it.o
 .debug_info    0x00003b9f      0xf16 Core\Src\syscalls.o
 .debug_info    0x00004ab5      0x556 Core\Src\system_stm32f4xx.o
 .debug_info    0x0000500b      0x944 Drivers\STM32F4xx_HAL_Driver\Src\stm32f4xx_hal.o
 .debug_info    0x0000594f      0xe28 Drivers\STM32F4xx_HAL_Driver\Src\stm32f4xx_hal_cortex.o
 .debug_info    0x00006777      0x7b4 Drivers\STM32F4xx_HAL_Driver\Src\stm32f4xx_hal_gpio.o
 .debug_info    0x00006f2b      0xe35 Drivers\STM32F4xx_HAL_Driver\Src\stm32f4xx_hal_hcd.o
 .debug_info    0x00007d60     0x23b1 Drivers\STM32F4xx_HAL_Driver\Src\stm32f4xx_hal_i2c.o
 .debug_info    0x0000a111      0xe5b Drivers\STM32F4xx_HAL_Driver\Src\stm32f4xx_hal_i2s.o
 .debug_info    0x0000af6c      0xb72 Drivers\STM32F4xx_HAL_Driver\Src\stm32f4xx_hal_i2s_ex.o
 .debug_info    0x0000bade      0x903 Drivers\STM32F4xx_HAL_Driver\Src\stm32f4xx_hal_rcc.o
 .debug_info    0x0000c3e1      0x5ad Drivers\STM32F4xx_HAL_Driver\Src\stm32f4xx_hal_rcc_ex.o
 .debug_info    0x0000c98e     0x1637 Drivers\STM32F4xx_HAL_Driver\Src\stm32f4xx_hal_spi.o
 .debug_info    0x0000dfc5     0x18d9 Drivers\STM32F4xx_HAL_Driver\Src\stm32f4xx_ll_usb.o
 .debug_info    0x0000f89e     0x1acd Middlewares\ST\STM32_USB_Host_Library\Class\CDC\Src\usbh_cdc.o
 .debug_info    0x0001136b     0x16ae Middlewares\ST\STM32_USB_Host_Library\Core\Src\usbh_core.o
 .debug_info    0x00012a19     0x176e Middlewares\ST\STM32_USB_Host_Library\Core\Src\usbh_ctlreq.o
 .debug_info    0x00014187     0x14db Middlewares\ST\STM32_USB_Host_Library\Core\Src\usbh_ioreq.o
 .debug_info    0x00015662     0x131e Middlewares\ST\STM32_USB_Host_Library\Core\Src\usbh_pipes.o
 .debug_info    0x00016980     0x1271 USB_HOST\App\usb_host.o
 .debug_info    0x00017bf1     0x21f4 USB_HOST\Target\usbh_conf.o
 .debug_info    0x00019de5      0x27b USB_HOST\Target\usbh_platform.o
 .debug_info    0x0001a060       0x81 startup\startup_stm32f407xx.o

.debug_abbrev   0x00000000     0x3a76
 .debug_abbrev  0x00000000      0x12f Core\Src\gpio.o
 .debug_abbrev  0x0000012f      0x194 Core\Src\i2c.o
 .debug_abbrev  0x000002c3      0x194 Core\Src\i2s.o
 .debug_abbrev  0x00000457      0x192 Core\Src\main.o
 .debug_abbrev  0x000005e9      0x194 Core\Src\spi.o
 .debug_abbrev  0x0000077d      0x104 Core\Src\stm32f4xx_hal_msp.o
 .debug_abbrev  0x00000881      0x15f Core\Src\stm32f4xx_it.o
 .debug_abbrev  0x000009e0      0x271 Core\Src\syscalls.o
 .debug_abbrev  0x00000c51      0x126 Core\Src\system_stm32f4xx.o
 .debug_abbrev  0x00000d77      0x1c2 Drivers\STM32F4xx_HAL_Driver\Src\stm32f4xx_hal.o
 .debug_abbrev  0x00000f39      0x2f5 Drivers\STM32F4xx_HAL_Driver\Src\stm32f4xx_hal_cortex.o
 .debug_abbrev  0x0000122e      0x1c4 Drivers\STM32F4xx_HAL_Driver\Src\stm32f4xx_hal_gpio.o
 .debug_abbrev  0x000013f2      0x250 Drivers\STM32F4xx_HAL_Driver\Src\stm32f4xx_hal_hcd.o
 .debug_abbrev  0x00001642      0x24f Drivers\STM32F4xx_HAL_Driver\Src\stm32f4xx_hal_i2c.o
 .debug_abbrev  0x00001891      0x216 Drivers\STM32F4xx_HAL_Driver\Src\stm32f4xx_hal_i2s.o
 .debug_abbrev  0x00001aa7      0x241 Drivers\STM32F4xx_HAL_Driver\Src\stm32f4xx_hal_i2s_ex.o
 .debug_abbrev  0x00001ce8      0x240 Drivers\STM32F4xx_HAL_Driver\Src\stm32f4xx_hal_rcc.o
 .debug_abbrev  0x00001f28      0x16e Drivers\STM32F4xx_HAL_Driver\Src\stm32f4xx_hal_rcc_ex.o
 .debug_abbrev  0x00002096      0x23b Drivers\STM32F4xx_HAL_Driver\Src\stm32f4xx_hal_spi.o
 .debug_abbrev  0x000022d1      0x265 Drivers\STM32F4xx_HAL_Driver\Src\stm32f4xx_ll_usb.o
 .debug_abbrev  0x00002536      0x301 Middlewares\ST\STM32_USB_Host_Library\Class\CDC\Src\usbh_cdc.o
 .debug_abbrev  0x00002837      0x35b Middlewares\ST\STM32_USB_Host_Library\Core\Src\usbh_core.o
 .debug_abbrev  0x00002b92      0x314 Middlewares\ST\STM32_USB_Host_Library\Core\Src\usbh_ctlreq.o
 .debug_abbrev  0x00002ea6      0x272 Middlewares\ST\STM32_USB_Host_Library\Core\Src\usbh_ioreq.o
 .debug_abbrev  0x00003118      0x2aa Middlewares\ST\STM32_USB_Host_Library\Core\Src\usbh_pipes.o
 .debug_abbrev  0x000033c2      0x261 USB_HOST\App\usb_host.o
 .debug_abbrev  0x00003623      0x342 USB_HOST\Target\usbh_conf.o
 .debug_abbrev  0x00003965       0xff USB_HOST\Target\usbh_platform.o
 .debug_abbrev  0x00003a64       0x12 startup\startup_stm32f407xx.o

.debug_aranges  0x00000000     0x11e8
 .debug_aranges
                0x00000000       0x20 Core\Src\gpio.o
 .debug_aranges
                0x00000020       0x30 Core\Src\i2c.o
 .debug_aranges
                0x00000050       0x30 Core\Src\i2s.o
 .debug_aranges
                0x00000080       0x30 Core\Src\main.o
 .debug_aranges
                0x000000b0       0x30 Core\Src\spi.o
 .debug_aranges
                0x000000e0       0x20 Core\Src\stm32f4xx_hal_msp.o
 .debug_aranges
                0x00000100       0x68 Core\Src\stm32f4xx_it.o
 .debug_aranges
                0x00000168       0xb0 Core\Src\syscalls.o
 .debug_aranges
                0x00000218       0x28 Core\Src\system_stm32f4xx.o
 .debug_aranges
                0x00000240       0xf0 Drivers\STM32F4xx_HAL_Driver\Src\stm32f4xx_hal.o
 .debug_aranges
                0x00000330      0x118 Drivers\STM32F4xx_HAL_Driver\Src\stm32f4xx_hal_cortex.o
 .debug_aranges
                0x00000448       0x58 Drivers\STM32F4xx_HAL_Driver\Src\stm32f4xx_hal_gpio.o
 .debug_aranges
                0x000004a0       0xf0 Drivers\STM32F4xx_HAL_Driver\Src\stm32f4xx_hal_hcd.o
 .debug_aranges
                0x00000590      0x298 Drivers\STM32F4xx_HAL_Driver\Src\stm32f4xx_hal_i2c.o
 .debug_aranges
                0x00000828      0x108 Drivers\STM32F4xx_HAL_Driver\Src\stm32f4xx_hal_i2s.o
 .debug_aranges
                0x00000930       0x88 Drivers\STM32F4xx_HAL_Driver\Src\stm32f4xx_hal_i2s_ex.o
 .debug_aranges
                0x000009b8       0x88 Drivers\STM32F4xx_HAL_Driver\Src\stm32f4xx_hal_rcc.o
 .debug_aranges
                0x00000a40       0x48 Drivers\STM32F4xx_HAL_Driver\Src\stm32f4xx_hal_rcc_ex.o
 .debug_aranges
                0x00000a88      0x1d0 Drivers\STM32F4xx_HAL_Driver\Src\stm32f4xx_hal_spi.o
 .debug_aranges
                0x00000c58      0x198 Drivers\STM32F4xx_HAL_Driver\Src\stm32f4xx_ll_usb.o
 .debug_aranges
                0x00000df0       0xa8 Middlewares\ST\STM32_USB_Host_Library\Class\CDC\Src\usbh_cdc.o
 .debug_aranges
                0x00000e98       0xc0 Middlewares\ST\STM32_USB_Host_Library\Core\Src\usbh_core.o
 .debug_aranges
                0x00000f58       0xa0 Middlewares\ST\STM32_USB_Host_Library\Core\Src\usbh_ctlreq.o
 .debug_aranges
                0x00000ff8       0x60 Middlewares\ST\STM32_USB_Host_Library\Core\Src\usbh_ioreq.o
 .debug_aranges
                0x00001058       0x40 Middlewares\ST\STM32_USB_Host_Library\Core\Src\usbh_pipes.o
 .debug_aranges
                0x00001098       0x30 USB_HOST\App\usb_host.o
 .debug_aranges
                0x000010c8       0xd8 USB_HOST\Target\usbh_conf.o
 .debug_aranges
                0x000011a0       0x20 USB_HOST\Target\usbh_platform.o
 .debug_aranges
                0x000011c0       0x28 startup\startup_stm32f407xx.o

.debug_ranges   0x00000000     0x1040
 .debug_ranges  0x00000000       0x10 Core\Src\gpio.o
 .debug_ranges  0x00000010       0x20 Core\Src\i2c.o
 .debug_ranges  0x00000030       0x20 Core\Src\i2s.o
 .debug_ranges  0x00000050       0x20 Core\Src\main.o
 .debug_ranges  0x00000070       0x20 Core\Src\spi.o
 .debug_ranges  0x00000090       0x10 Core\Src\stm32f4xx_hal_msp.o
 .debug_ranges  0x000000a0       0x58 Core\Src\stm32f4xx_it.o
 .debug_ranges  0x000000f8       0xa0 Core\Src\syscalls.o
 .debug_ranges  0x00000198       0x18 Core\Src\system_stm32f4xx.o
 .debug_ranges  0x000001b0       0xe0 Drivers\STM32F4xx_HAL_Driver\Src\stm32f4xx_hal.o
 .debug_ranges  0x00000290      0x108 Drivers\STM32F4xx_HAL_Driver\Src\stm32f4xx_hal_cortex.o
 .debug_ranges  0x00000398       0x48 Drivers\STM32F4xx_HAL_Driver\Src\stm32f4xx_hal_gpio.o
 .debug_ranges  0x000003e0       0xe0 Drivers\STM32F4xx_HAL_Driver\Src\stm32f4xx_hal_hcd.o
 .debug_ranges  0x000004c0      0x2a8 Drivers\STM32F4xx_HAL_Driver\Src\stm32f4xx_hal_i2c.o
 .debug_ranges  0x00000768       0xf8 Drivers\STM32F4xx_HAL_Driver\Src\stm32f4xx_hal_i2s.o
 .debug_ranges  0x00000860       0x78 Drivers\STM32F4xx_HAL_Driver\Src\stm32f4xx_hal_i2s_ex.o
 .debug_ranges  0x000008d8       0x78 Drivers\STM32F4xx_HAL_Driver\Src\stm32f4xx_hal_rcc.o
 .debug_ranges  0x00000950       0x38 Drivers\STM32F4xx_HAL_Driver\Src\stm32f4xx_hal_rcc_ex.o
 .debug_ranges  0x00000988      0x1c0 Drivers\STM32F4xx_HAL_Driver\Src\stm32f4xx_hal_spi.o
 .debug_ranges  0x00000b48      0x188 Drivers\STM32F4xx_HAL_Driver\Src\stm32f4xx_ll_usb.o
 .debug_ranges  0x00000cd0       0x98 Middlewares\ST\STM32_USB_Host_Library\Class\CDC\Src\usbh_cdc.o
 .debug_ranges  0x00000d68       0xb0 Middlewares\ST\STM32_USB_Host_Library\Core\Src\usbh_core.o
 .debug_ranges  0x00000e18       0x90 Middlewares\ST\STM32_USB_Host_Library\Core\Src\usbh_ctlreq.o
 .debug_ranges  0x00000ea8       0x50 Middlewares\ST\STM32_USB_Host_Library\Core\Src\usbh_ioreq.o
 .debug_ranges  0x00000ef8       0x30 Middlewares\ST\STM32_USB_Host_Library\Core\Src\usbh_pipes.o
 .debug_ranges  0x00000f28       0x20 USB_HOST\App\usb_host.o
 .debug_ranges  0x00000f48       0xc8 USB_HOST\Target\usbh_conf.o
 .debug_ranges  0x00001010       0x10 USB_HOST\Target\usbh_platform.o
 .debug_ranges  0x00001020       0x20 startup\startup_stm32f407xx.o

.debug_line     0x00000000     0x996a
 .debug_line    0x00000000      0x227 Core\Src\gpio.o
 .debug_line    0x00000227      0x285 Core\Src\i2c.o
 .debug_line    0x000004ac      0x28c Core\Src\i2s.o
 .debug_line    0x00000738      0x34f Core\Src\main.o
 .debug_line    0x00000a87      0x287 Core\Src\spi.o
 .debug_line    0x00000d0e      0x1eb Core\Src\stm32f4xx_hal_msp.o
 .debug_line    0x00000ef9      0x2d2 Core\Src\stm32f4xx_it.o
 .debug_line    0x000011cb      0x3dd Core\Src\syscalls.o
 .debug_line    0x000015a8      0x20f Core\Src\system_stm32f4xx.o
 .debug_line    0x000017b7      0x41f Drivers\STM32F4xx_HAL_Driver\Src\stm32f4xx_hal.o
 .debug_line    0x00001bd6      0x553 Drivers\STM32F4xx_HAL_Driver\Src\stm32f4xx_hal_cortex.o
 .debug_line    0x00002129      0x416 Drivers\STM32F4xx_HAL_Driver\Src\stm32f4xx_hal_gpio.o
 .debug_line    0x0000253f      0x6db Drivers\STM32F4xx_HAL_Driver\Src\stm32f4xx_hal_hcd.o
 .debug_line    0x00002c1a     0x1687 Drivers\STM32F4xx_HAL_Driver\Src\stm32f4xx_hal_i2c.o
 .debug_line    0x000042a1      0x8e9 Drivers\STM32F4xx_HAL_Driver\Src\stm32f4xx_hal_i2s.o
 .debug_line    0x00004b8a      0xa15 Drivers\STM32F4xx_HAL_Driver\Src\stm32f4xx_hal_i2s_ex.o
 .debug_line    0x0000559f      0x4c0 Drivers\STM32F4xx_HAL_Driver\Src\stm32f4xx_hal_rcc.o
 .debug_line    0x00005a5f      0x35a Drivers\STM32F4xx_HAL_Driver\Src\stm32f4xx_hal_rcc_ex.o
 .debug_line    0x00005db9      0xc03 Drivers\STM32F4xx_HAL_Driver\Src\stm32f4xx_hal_spi.o
 .debug_line    0x000069bc      0x991 Drivers\STM32F4xx_HAL_Driver\Src\stm32f4xx_ll_usb.o
 .debug_line    0x0000734d      0x5d6 Middlewares\ST\STM32_USB_Host_Library\Class\CDC\Src\usbh_cdc.o
 .debug_line    0x00007923      0x701 Middlewares\ST\STM32_USB_Host_Library\Core\Src\usbh_core.o
 .debug_line    0x00008024      0x5e8 Middlewares\ST\STM32_USB_Host_Library\Core\Src\usbh_ctlreq.o
 .debug_line    0x0000860c      0x3ee Middlewares\ST\STM32_USB_Host_Library\Core\Src\usbh_ioreq.o
 .debug_line    0x000089fa      0x3a6 Middlewares\ST\STM32_USB_Host_Library\Core\Src\usbh_pipes.o
 .debug_line    0x00008da0      0x3a7 USB_HOST\App\usb_host.o
 .debug_line    0x00009147      0x59e USB_HOST\Target\usbh_conf.o
 .debug_line    0x000096e5      0x207 USB_HOST\Target\usbh_platform.o
 .debug_line    0x000098ec       0x7e startup\startup_stm32f407xx.o

.debug_str      0x00000000     0x5b17
 .debug_str     0x00000000      0x3e4 Core\Src\gpio.o
                                0x44a (size before relaxing)
 .debug_str     0x000003e4      0x4f0 Core\Src\i2c.o
                                0x95f (size before relaxing)
 .debug_str     0x000008d4      0x1e9 Core\Src\i2s.o
                                0x898 (size before relaxing)
 .debug_str     0x00000abd      0x314 Core\Src\main.o
                                0xdf4 (size before relaxing)
 .debug_str     0x00000dd1       0x4b Core\Src\spi.o
                                0x8a8 (size before relaxing)
 .debug_str     0x00000e1c       0x2c Core\Src\stm32f4xx_hal_msp.o
                                0x3b9 (size before relaxing)
 .debug_str     0x00000e48      0x42b Core\Src\stm32f4xx_it.o
                                0x75d (size before relaxing)
 .debug_str     0x00001273      0x607 Core\Src\syscalls.o
                                0x862 (size before relaxing)
 .debug_str     0x0000187a       0xaf Core\Src\system_stm32f4xx.o
                                0x435 (size before relaxing)
 .debug_str     0x00001929      0x7ae Drivers\STM32F4xx_HAL_Driver\Src\stm32f4xx_hal.o
                                0xb82 (size before relaxing)
 .debug_str     0x000020d7      0x492 Drivers\STM32F4xx_HAL_Driver\Src\stm32f4xx_hal_cortex.o
                                0xd06 (size before relaxing)
 .debug_str     0x00002569      0x158 Drivers\STM32F4xx_HAL_Driver\Src\stm32f4xx_hal_gpio.o
                                0x5cc (size before relaxing)
 .debug_str     0x000026c1      0x3c2 Drivers\STM32F4xx_HAL_Driver\Src\stm32f4xx_hal_hcd.o
                                0xaa4 (size before relaxing)
 .debug_str     0x00002a83      0x870 Drivers\STM32F4xx_HAL_Driver\Src\stm32f4xx_hal_i2c.o
                               0x109c (size before relaxing)
 .debug_str     0x000032f3      0x26b Drivers\STM32F4xx_HAL_Driver\Src\stm32f4xx_hal_i2s.o
                                0x9e8 (size before relaxing)
 .debug_str     0x0000355e      0x1f1 Drivers\STM32F4xx_HAL_Driver\Src\stm32f4xx_hal_i2s_ex.o
                                0x93c (size before relaxing)
 .debug_str     0x0000374f      0x1ae Drivers\STM32F4xx_HAL_Driver\Src\stm32f4xx_hal_rcc.o
                                0x783 (size before relaxing)
 .debug_str     0x000038fd      0x113 Drivers\STM32F4xx_HAL_Driver\Src\stm32f4xx_hal_rcc_ex.o
                                0x57f (size before relaxing)
 .debug_str     0x00003a10      0x4e6 Drivers\STM32F4xx_HAL_Driver\Src\stm32f4xx_hal_spi.o
                                0xc79 (size before relaxing)
 .debug_str     0x00003ef6      0x626 Drivers\STM32F4xx_HAL_Driver\Src\stm32f4xx_ll_usb.o
                                0xd1e (size before relaxing)
 .debug_str     0x0000451c      0xdc6 Middlewares\ST\STM32_USB_Host_Library\Class\CDC\Src\usbh_cdc.o
                               0x157e (size before relaxing)
 .debug_str     0x000052e2      0x213 Middlewares\ST\STM32_USB_Host_Library\Core\Src\usbh_core.o
                               0x1113 (size before relaxing)
 .debug_str     0x000054f5      0x222 Middlewares\ST\STM32_USB_Host_Library\Core\Src\usbh_ctlreq.o
                               0x1185 (size before relaxing)
 .debug_str     0x00005717       0xfe Middlewares\ST\STM32_USB_Host_Library\Core\Src\usbh_ioreq.o
                               0x1000 (size before relaxing)
 .debug_str     0x00005815       0x97 Middlewares\ST\STM32_USB_Host_Library\Core\Src\usbh_pipes.o
                                0xf85 (size before relaxing)
 .debug_str     0x000058ac       0xc7 USB_HOST\App\usb_host.o
                                0xf9c (size before relaxing)
 .debug_str     0x00005973      0x171 USB_HOST\Target\usbh_conf.o
                               0x1c90 (size before relaxing)
 .debug_str     0x00005ae4       0x33 USB_HOST\Target\usbh_platform.o
                                0x338 (size before relaxing)

.comment        0x00000000       0x7c
 .comment       0x00000000       0x7c Core\Src\gpio.o
                                 0x7d (size before relaxing)
 .comment       0x0000007c       0x7d Core\Src\i2c.o
 .comment       0x0000007c       0x7d Core\Src\i2s.o
 .comment       0x0000007c       0x7d Core\Src\main.o
 .comment       0x0000007c       0x7d Core\Src\spi.o
 .comment       0x0000007c       0x7d Core\Src\stm32f4xx_hal_msp.o
 .comment       0x0000007c       0x7d Core\Src\stm32f4xx_it.o
 .comment       0x0000007c       0x7d Core\Src\syscalls.o
 .comment       0x0000007c       0x7d Core\Src\system_stm32f4xx.o
 .comment       0x0000007c       0x7d Drivers\STM32F4xx_HAL_Driver\Src\stm32f4xx_hal.o
 .comment       0x0000007c       0x7d Drivers\STM32F4xx_HAL_Driver\Src\stm32f4xx_hal_cortex.o
 .comment       0x0000007c       0x7d Drivers\STM32F4xx_HAL_Driver\Src\stm32f4xx_hal_gpio.o
 .comment       0x0000007c       0x7d Drivers\STM32F4xx_HAL_Driver\Src\stm32f4xx_hal_hcd.o
 .comment       0x0000007c       0x7d Drivers\STM32F4xx_HAL_Driver\Src\stm32f4xx_hal_i2c.o
 .comment       0x0000007c       0x7d Drivers\STM32F4xx_HAL_Driver\Src\stm32f4xx_hal_i2s.o
 .comment       0x0000007c       0x7d Drivers\STM32F4xx_HAL_Driver\Src\stm32f4xx_hal_i2s_ex.o
 .comment       0x0000007c       0x7d Drivers\STM32F4xx_HAL_Driver\Src\stm32f4xx_hal_rcc.o
 .comment       0x0000007c       0x7d Drivers\STM32F4xx_HAL_Driver\Src\stm32f4xx_hal_rcc_ex.o
 .comment       0x0000007c       0x7d Drivers\STM32F4xx_HAL_Driver\Src\stm32f4xx_hal_spi.o
 .comment       0x0000007c       0x7d Drivers\STM32F4xx_HAL_Driver\Src\stm32f4xx_ll_usb.o
 .comment       0x0000007c       0x7d Middlewares\ST\STM32_USB_Host_Library\Class\CDC\Src\usbh_cdc.o
 .comment       0x0000007c       0x7d Middlewares\ST\STM32_USB_Host_Library\Core\Src\usbh_core.o
 .comment       0x0000007c       0x7d Middlewares\ST\STM32_USB_Host_Library\Core\Src\usbh_ctlreq.o
 .comment       0x0000007c       0x7d Middlewares\ST\STM32_USB_Host_Library\Core\Src\usbh_ioreq.o
 .comment       0x0000007c       0x7d Middlewares\ST\STM32_USB_Host_Library\Core\Src\usbh_pipes.o
 .comment       0x0000007c       0x7d USB_HOST\App\usb_host.o
 .comment       0x0000007c       0x7d USB_HOST\Target\usbh_conf.o
 .comment       0x0000007c       0x7d USB_HOST\Target\usbh_platform.o

.debug_frame    0x00000000     0x4a64
 .debug_frame   0x00000000       0x34 Core\Src\gpio.o
 .debug_frame   0x00000034       0x74 Core\Src\i2c.o
 .debug_frame   0x000000a8       0x74 Core\Src\i2s.o
 .debug_frame   0x0000011c       0x70 Core\Src\main.o
 .debug_frame   0x0000018c       0x74 Core\Src\spi.o
 .debug_frame   0x00000200       0x34 Core\Src\stm32f4xx_hal_msp.o
 .debug_frame   0x00000234      0x128 Core\Src\stm32f4xx_it.o
 .debug_frame   0x0000035c      0x2d4 Core\Src\syscalls.o
 .debug_frame   0x00000630       0x58 Core\Src\system_stm32f4xx.o
 .debug_frame   0x00000688      0x374 Drivers\STM32F4xx_HAL_Driver\Src\stm32f4xx_hal.o
 .debug_frame   0x000009fc      0x498 Drivers\STM32F4xx_HAL_Driver\Src\stm32f4xx_hal_cortex.o
 .debug_frame   0x00000e94      0x14c Drivers\STM32F4xx_HAL_Driver\Src\stm32f4xx_hal_gpio.o
 .debug_frame   0x00000fe0      0x424 Drivers\STM32F4xx_HAL_Driver\Src\stm32f4xx_hal_hcd.o
 .debug_frame   0x00001404      0xc38 Drivers\STM32F4xx_HAL_Driver\Src\stm32f4xx_hal_i2c.o
 .debug_frame   0x0000203c      0x484 Drivers\STM32F4xx_HAL_Driver\Src\stm32f4xx_hal_i2s.o
 .debug_frame   0x000024c0      0x220 Drivers\STM32F4xx_HAL_Driver\Src\stm32f4xx_hal_i2s_ex.o
 .debug_frame   0x000026e0      0x1f8 Drivers\STM32F4xx_HAL_Driver\Src\stm32f4xx_hal_rcc.o
 .debug_frame   0x000028d8       0xf0 Drivers\STM32F4xx_HAL_Driver\Src\stm32f4xx_hal_rcc_ex.o
 .debug_frame   0x000029c8      0x824 Drivers\STM32F4xx_HAL_Driver\Src\stm32f4xx_hal_spi.o
 .debug_frame   0x000031ec      0x790 Drivers\STM32F4xx_HAL_Driver\Src\stm32f4xx_ll_usb.o
 .debug_frame   0x0000397c      0x2c0 Middlewares\ST\STM32_USB_Host_Library\Class\CDC\Src\usbh_cdc.o
 .debug_frame   0x00003c3c      0x338 Middlewares\ST\STM32_USB_Host_Library\Core\Src\usbh_core.o
 .debug_frame   0x00003f74      0x28c Middlewares\ST\STM32_USB_Host_Library\Core\Src\usbh_ctlreq.o
 .debug_frame   0x00004200      0x154 Middlewares\ST\STM32_USB_Host_Library\Core\Src\usbh_ioreq.o
 .debug_frame   0x00004354       0xcc Middlewares\ST\STM32_USB_Host_Library\Core\Src\usbh_pipes.o
 .debug_frame   0x00004420       0x70 USB_HOST\App\usb_host.o
 .debug_frame   0x00004490      0x388 USB_HOST\Target\usbh_conf.o
 .debug_frame   0x00004818       0x34 USB_HOST\Target\usbh_platform.o
 .debug_frame   0x0000484c       0x20 c:/program files (x86)/atollic/truestudio for stm32 9.3.0/armtools/bin/../lib/gcc/arm-atollic-eabi/6.3.1/../../../../arm-atollic-eabi/lib/armv7e-m/fpu\libc_nano.a(lib_a-errno.o)
 .debug_frame   0x0000486c       0x2c c:/program files (x86)/atollic/truestudio for stm32 9.3.0/armtools/bin/../lib/gcc/arm-atollic-eabi/6.3.1/../../../../arm-atollic-eabi/lib/armv7e-m/fpu\libc_nano.a(lib_a-init.o)
 .debug_frame   0x00004898       0x30 c:/program files (x86)/atollic/truestudio for stm32 9.3.0/armtools/bin/../lib/gcc/arm-atollic-eabi/6.3.1/../../../../arm-atollic-eabi/lib/armv7e-m/fpu\libc_nano.a(lib_a-malloc.o)
 .debug_frame   0x000048c8       0x20 c:/program files (x86)/atollic/truestudio for stm32 9.3.0/armtools/bin/../lib/gcc/arm-atollic-eabi/6.3.1/../../../../arm-atollic-eabi/lib/armv7e-m/fpu\libc_nano.a(lib_a-memset.o)
 .debug_frame   0x000048e8       0x38 c:/program files (x86)/atollic/truestudio for stm32 9.3.0/armtools/bin/../lib/gcc/arm-atollic-eabi/6.3.1/../../../../arm-atollic-eabi/lib/armv7e-m/fpu\libc_nano.a(lib_a-nano-freer.o)
 .debug_frame   0x00004920       0x2c c:/program files (x86)/atollic/truestudio for stm32 9.3.0/armtools/bin/../lib/gcc/arm-atollic-eabi/6.3.1/../../../../arm-atollic-eabi/lib/armv7e-m/fpu\libc_nano.a(lib_a-nano-mallocr.o)
 .debug_frame   0x0000494c       0x2c c:/program files (x86)/atollic/truestudio for stm32 9.3.0/armtools/bin/../lib/gcc/arm-atollic-eabi/6.3.1/../../../../arm-atollic-eabi/lib/armv7e-m/fpu\libc_nano.a(lib_a-sbrkr.o)
 .debug_frame   0x00004978       0x30 c:/program files (x86)/atollic/truestudio for stm32 9.3.0/armtools/bin/../lib/gcc/arm-atollic-eabi/6.3.1/../../../../arm-atollic-eabi/lib/armv7e-m/fpu\libc_nano.a(lib_a-mlock.o)
 .debug_frame   0x000049a8       0x5c c:/program files (x86)/atollic/truestudio for stm32 9.3.0/armtools/bin/../lib/gcc/arm-atollic-eabi/6.3.1/../../../../arm-atollic-eabi/lib/armv7e-m/fpu\libc_nano.a(lib_a-reent.o)
 .debug_frame   0x00004a04       0x2c c:/program files (x86)/atollic/truestudio for stm32 9.3.0/armtools/bin/../lib/gcc/arm-atollic-eabi/6.3.1/armv7e-m/fpu\libgcc.a(_aeabi_uldivmod.o)
 .debug_frame   0x00004a30       0x34 c:/program files (x86)/atollic/truestudio for stm32 9.3.0/armtools/bin/../lib/gcc/arm-atollic-eabi/6.3.1/armv7e-m/fpu\libgcc.a(_udivmoddi4.o)
